Using pre-set license
Built from '2021.3/staging' branch; Version is '2021.3.8f1 (b30333d56e81) revision 11731763'; Using compiler version '192829333'; Build Type 'Release'
OS: 'Windows 11  (10.0.22621) 64bit Professional' Language: 'cs' Physical Memory: 8031 MB
BatchMode: 1, IsHumanControllingUs: 0, StartBugReporterOnCrash: 0, Is64bit: 1, IsPro: 1

COMMAND LINE ARGUMENTS:
C:\Program Files\Unity\Hub\Editor\2021.3.8f1\Editor\Unity.exe
-adb2
-batchMode
-noUpm
-name
AssetImportWorker0
-projectPath
C:/Users/lukas/Documents/GitHub/Steel-Nemesis/Steel Nemesis Game
-logFile
Logs/AssetImportWorker0.log
-srvPort
56602
Successfully changed project path to: C:/Users/lukas/Documents/GitHub/Steel-Nemesis/Steel Nemesis Game
C:/Users/lukas/Documents/GitHub/Steel-Nemesis/Steel Nemesis Game
[UnityMemory] Configuration Parameters - Can be set up in boot.config
    "memorysetup-bucket-allocator-granularity=16"
    "memorysetup-bucket-allocator-bucket-count=8"
    "memorysetup-bucket-allocator-block-size=33554432"
    "memorysetup-bucket-allocator-block-count=8"
    "memorysetup-main-allocator-block-size=16777216"
    "memorysetup-thread-allocator-block-size=16777216"
    "memorysetup-gfx-main-allocator-block-size=16777216"
    "memorysetup-gfx-thread-allocator-block-size=16777216"
    "memorysetup-cache-allocator-block-size=4194304"
    "memorysetup-typetree-allocator-block-size=2097152"
    "memorysetup-profiler-bucket-allocator-granularity=16"
    "memorysetup-profiler-bucket-allocator-bucket-count=8"
    "memorysetup-profiler-bucket-allocator-block-size=33554432"
    "memorysetup-profiler-bucket-allocator-block-count=8"
    "memorysetup-profiler-allocator-block-size=16777216"
    "memorysetup-profiler-editor-allocator-block-size=1048576"
    "memorysetup-temp-allocator-size-main=16777216"
    "memorysetup-job-temp-allocator-block-size=2097152"
    "memorysetup-job-temp-allocator-block-size-background=1048576"
    "memorysetup-job-temp-allocator-reduction-small-platforms=262144"
    "memorysetup-temp-allocator-size-background-worker=32768"
    "memorysetup-temp-allocator-size-job-worker=262144"
    "memorysetup-temp-allocator-size-preload-manager=33554432"
    "memorysetup-temp-allocator-size-nav-mesh-worker=65536"
    "memorysetup-temp-allocator-size-audio-worker=65536"
    "memorysetup-temp-allocator-size-cloud-worker=32768"
    "memorysetup-temp-allocator-size-gi-baking-worker=262144"
    "memorysetup-temp-allocator-size-gfx=262144"
Refreshing native plugins compatible for Editor in 150.15 ms, found 3 plugins.
Preloading 0 native plugins for Editor in 0.00 ms.
Initialize engine version: 2021.3.8f1 (b30333d56e81)
[Subsystems] Discovering subsystems at path C:/Program Files/Unity/Hub/Editor/2021.3.8f1/Editor/Data/Resources/UnitySubsystems
[Subsystems] Discovering subsystems at path C:/Users/lukas/Documents/GitHub/Steel-Nemesis/Steel Nemesis Game/Assets
GfxDevice: creating device client; threaded=0; jobified=0
Direct3D:
    Version:  Direct3D 11.0 [level 11.1]
    Renderer: Intel(R) HD Graphics 620 (ID=0x5916)
    Vendor:   Intel
    VRAM:     4015 MB
    Driver:   31.0.101.2111
Initialize mono
Mono path[0] = 'C:/Program Files/Unity/Hub/Editor/2021.3.8f1/Editor/Data/Managed'
Mono path[1] = 'C:/Program Files/Unity/Hub/Editor/2021.3.8f1/Editor/Data/MonoBleedingEdge/lib/mono/unityjit-win32'
Mono config path = 'C:/Program Files/Unity/Hub/Editor/2021.3.8f1/Editor/Data/MonoBleedingEdge/etc'
Using monoOptions --debugger-agent=transport=dt_socket,embedding=1,server=y,suspend=n,address=127.0.0.1:56204
Begin MonoManager ReloadAssembly
Registering precompiled unity dll's ...
Register platform support module: C:/Program Files/Unity/Hub/Editor/2021.3.8f1/Editor/Data/PlaybackEngines/WebGLSupport/UnityEditor.WebGL.Extensions.dll
Register platform support module: C:/Program Files/Unity/Hub/Editor/2021.3.8f1/Editor/Data/PlaybackEngines/MacStandaloneSupport/UnityEditor.OSXStandalone.Extensions.dll
Register platform support module: C:/Program Files/Unity/Hub/Editor/2021.3.8f1/Editor/Data/PlaybackEngines/WindowsStandaloneSupport/UnityEditor.WindowsStandalone.Extensions.dll
Register platform support module: C:/Program Files/Unity/Hub/Editor/2021.3.8f1/Editor/Data/PlaybackEngines/LinuxStandaloneSupport/UnityEditor.LinuxStandalone.Extensions.dll
Register platform support module: C:/Program Files/Unity/Hub/Editor/2021.3.8f1/Editor/Data/PlaybackEngines/MetroSupport/UnityEditor.UWP.Extensions.dll
Registered in 0.014456 seconds.
Native extension for UWP target not found
Native extension for LinuxStandalone target not found
Native extension for WindowsStandalone target not found
Native extension for OSXStandalone target not found
Native extension for WebGL target not found
Refreshing native plugins compatible for Editor in 148.44 ms, found 3 plugins.
Preloading 0 native plugins for Editor in 0.00 ms.
Mono: successfully reloaded assembly
- Completed reload, in  1.295 seconds
Domain Reload Profiling:
	ReloadAssembly (1296ms)
		BeginReloadAssembly (137ms)
			ExecutionOrderSort (0ms)
			DisableScriptedObjects (0ms)
			BackupInstance (0ms)
			ReleaseScriptingObjects (0ms)
			CreateAndSetChildDomain (1ms)
		EndReloadAssembly (907ms)
			LoadAssemblies (134ms)
			RebuildTransferFunctionScriptingTraits (0ms)
			SetupTypeCache (196ms)
			ReleaseScriptCaches (0ms)
			RebuildScriptCaches (66ms)
			SetupLoadedEditorAssemblies (549ms)
				LogAssemblyErrors (0ms)
				InitializePlatformSupportModulesInManaged (29ms)
				SetLoadedEditorAssemblies (0ms)
				RefreshPlugins (149ms)
				BeforeProcessingInitializeOnLoad (2ms)
				ProcessInitializeOnLoadAttributes (269ms)
				ProcessInitializeOnLoadMethodAttributes (99ms)
				AfterProcessingInitializeOnLoad (0ms)
				EditorAssembliesLoaded (0ms)
			ExecutionOrderSort2 (0ms)
			AwakeInstancesAfterBackupRestoration (0ms)
Platform modules already initialized, skipping
Registering precompiled user dll's ...
Registered in 0.010164 seconds.
Begin MonoManager ReloadAssembly
Symbol file LoadedFromMemory doesn't match image C:\Users\lukas\Documents\GitHub\Steel-Nemesis\Steel Nemesis Game\Library\PackageCache\com.unity.visualscripting@1.7.8\Editor\VisualScripting.Core\Dependencies\YamlDotNet\Unity.VisualScripting.YamlDotNet.dll
Symbol file LoadedFromMemory doesn't match image C:\Users\lukas\Documents\GitHub\Steel-Nemesis\Steel Nemesis Game\Library\PackageCache\com.unity.visualscripting@1.7.8\Editor\VisualScripting.Core\Dependencies\DotNetZip\Unity.VisualScripting.IonicZip.dll
Native extension for UWP target not found
Native extension for LinuxStandalone target not found
Native extension for WindowsStandalone target not found
Native extension for OSXStandalone target not found
Native extension for WebGL target not found
Refreshing native plugins compatible for Editor in 1.46 ms, found 3 plugins.
Preloading 0 native plugins for Editor in 0.00 ms.
Mono: successfully reloaded assembly
- Completed reload, in  2.069 seconds
Domain Reload Profiling:
	ReloadAssembly (2071ms)
		BeginReloadAssembly (209ms)
			ExecutionOrderSort (0ms)
			DisableScriptedObjects (9ms)
			BackupInstance (0ms)
			ReleaseScriptingObjects (0ms)
			CreateAndSetChildDomain (46ms)
		EndReloadAssembly (1617ms)
			LoadAssemblies (146ms)
			RebuildTransferFunctionScriptingTraits (0ms)
			SetupTypeCache (423ms)
			ReleaseScriptCaches (1ms)
			RebuildScriptCaches (147ms)
			SetupLoadedEditorAssemblies (806ms)
				LogAssemblyErrors (0ms)
				InitializePlatformSupportModulesInManaged (43ms)
				SetLoadedEditorAssemblies (1ms)
				RefreshPlugins (2ms)
				BeforeProcessingInitializeOnLoad (205ms)
				ProcessInitializeOnLoadAttributes (492ms)
				ProcessInitializeOnLoadMethodAttributes (53ms)
				AfterProcessingInitializeOnLoad (10ms)
				EditorAssembliesLoaded (0ms)
			ExecutionOrderSort2 (0ms)
			AwakeInstancesAfterBackupRestoration (14ms)
Platform modules already initialized, skipping
========================================================================
Worker process is ready to serve import requests
Launched and connected shader compiler UnityShaderCompiler.exe after 0.12 seconds
Refreshing native plugins compatible for Editor in 0.68 ms, found 3 plugins.
Preloading 0 native plugins for Editor in 0.00 ms.
Unloading 3508 Unused Serialized files (Serialized files now loaded: 0)
Unloading 36 unused Assets / (202.8 KB). Loaded Objects now: 3960.
Memory consumption went from 128.5 MB to 128.3 MB.
Total: 7.961300 ms (FindLiveObjects: 0.510700 ms CreateObjectMapping: 0.405200 ms MarkObjects: 6.861800 ms  DeleteObjects: 0.181700 ms)

AssetImportParameters requested are different than current active one (requested -> active):
  custom:video-decoder-ogg-theora: a1e56fd34408186e4bbccfd4996cb3dc -> 
  custom:container-muxer-webm: aa71ff27fc2769a1b78a27578f13a17b -> 
  custom:container-demuxer-webm: 4f35f7cbe854078d1ac9338744f61a02 -> 
  custom:video-encoder-webm-vp8: eb34c28f22e8b96e1ab97ce403110664 -> 
  custom:video-codec-MediaFoundation-h265: 746d11721c4dcdbdad8f713fa42b33f4 -> 
  custom:audio-encoder-webm-vorbis: bf7c407c2cedff20999df2af8eb42d56 -> 
  custom:framework-win-MediaFoundation: 216162199b28c13a410421893ffa2e32 -> 
  custom:container-demuxer-ogg: 62fdf1f143b41e24485cea50d1cbac27 -> 
  custom:video-decoder-webm-vp8: 9c59270c3fd7afecdb556c50c9e8de78 -> 
  custom:audio-decoder-ogg-vorbis: bf7c407c2cedff20999df2af8eb42d56 -> 
========================================================================
Received Import Request.
  Time since last request: 240066.362228 seconds.
  path: Assets/Textures/Ships
  artifactKey: Guid(3df76f117a9e747b0b2e761b881515c2) Importer(815301076,1909f56bfc062723c751e8b465ee728b)
Start importing Assets/Textures/Ships using Guid(3df76f117a9e747b0b2e761b881515c2) Importer(815301076,1909f56bfc062723c751e8b465ee728b)  -> (artifact id: '2d0140842220753175cfe8fbca0f2cc8') in 0.017121 seconds 
========================================================================
Received Import Request.
  Time since last request: 1136.204495 seconds.
  path: Assets/Textures/Ships/Player Ships
  artifactKey: Guid(bb625b33f31266f429bc5bdc45e39c73) Importer(815301076,1909f56bfc062723c751e8b465ee728b)
Start importing Assets/Textures/Ships/Player Ships using Guid(bb625b33f31266f429bc5bdc45e39c73) Importer(815301076,1909f56bfc062723c751e8b465ee728b)  -> (artifact id: '61ec9908578bc371d2e9d94bb6c3da04') in 0.019003 seconds 
========================================================================
Received Import Request.
  Time since last request: 4.818337 seconds.
  path: Assets/Textures/Ships/Enemy Ships
  artifactKey: Guid(ad2dc2e3781f2854882396ed3768fa6c) Importer(815301076,1909f56bfc062723c751e8b465ee728b)
Start importing Assets/Textures/Ships/Enemy Ships using Guid(ad2dc2e3781f2854882396ed3768fa6c) Importer(815301076,1909f56bfc062723c751e8b465ee728b)  -> (artifact id: '793c7a6e8c1106185bd04752fcdc5d98') in 0.024501 seconds 
========================================================================
Received Import Request.
  Time since last request: 8.103822 seconds.
  path: Assets/Textures/Ships/Player Ships/default.png
  artifactKey: Guid(d736793a11a9cbe4890a34e3a340bbb0) Importer(815301076,1909f56bfc062723c751e8b465ee728b)
Start importing Assets/Textures/Ships/Player Ships/default.png using Guid(d736793a11a9cbe4890a34e3a340bbb0) Importer(815301076,1909f56bfc062723c751e8b465ee728b)  -> (artifact id: '0e90d220afa8cc9b73b918d98201e3e4') in 0.208228 seconds 
========================================================================
Received Import Request.
  Time since last request: 120.719230 seconds.
  path: Assets/Textures/Ships/Player Ships/pioneer.png
  artifactKey: Guid(b0dc5965ed4d3734185383dab3054239) Importer(815301076,1909f56bfc062723c751e8b465ee728b)
Start importing Assets/Textures/Ships/Player Ships/pioneer.png using Guid(b0dc5965ed4d3734185383dab3054239) Importer(815301076,1909f56bfc062723c751e8b465ee728b)  -> (artifact id: 'e668b3c20dfcac6ed0a144b9ae49f9b8') in 0.025189 seconds 
========================================================================
Received Import Request.
  Time since last request: 8.628325 seconds.
  path: Assets/Textures/Ships/Player Ships/starfighter.png
  artifactKey: Guid(d736793a11a9cbe4890a34e3a340bbb0) Importer(815301076,1909f56bfc062723c751e8b465ee728b)
Start importing Assets/Textures/Ships/Player Ships/starfighter.png using Guid(d736793a11a9cbe4890a34e3a340bbb0) Importer(815301076,1909f56bfc062723c751e8b465ee728b)  -> (artifact id: 'e8520e4466bc3414f7d06f70146d4845') in 0.039393 seconds 
========================================================================
Received Import Request.
  Time since last request: 5.029365 seconds.
  path: Assets/Textures/Ships/Player Ships/pioneer.png
  artifactKey: Guid(b0dc5965ed4d3734185383dab3054239) Importer(815301076,1909f56bfc062723c751e8b465ee728b)
Start importing Assets/Textures/Ships/Player Ships/pioneer.png using Guid(b0dc5965ed4d3734185383dab3054239) Importer(815301076,1909f56bfc062723c751e8b465ee728b)  -> (artifact id: '957784a81e63aa5ff311c7e4a5528862') in 0.027901 seconds 
========================================================================
Received Import Request.
  Time since last request: 9.412921 seconds.
  path: Assets/Textures/Spawn/Green/spawn_6.png
  artifactKey: Guid(1c9eb6dfbb0bb4ca59137a1adaa8a68d) Importer(815301076,1909f56bfc062723c751e8b465ee728b)
Start importing Assets/Textures/Spawn/Green/spawn_6.png using Guid(1c9eb6dfbb0bb4ca59137a1adaa8a68d) Importer(815301076,1909f56bfc062723c751e8b465ee728b)  -> (artifact id: 'a9a0dc12c20aef27f660d24b5a919985') in 0.089748 seconds 
========================================================================
Received Import Request.
  Time since last request: 1.049067 seconds.
  path: Assets/Textures/Spawn/Blue/spawn_6.png
  artifactKey: Guid(e333df04098884989a153c6dab95d22e) Importer(815301076,1909f56bfc062723c751e8b465ee728b)
Start importing Assets/Textures/Spawn/Blue/spawn_6.png using Guid(e333df04098884989a153c6dab95d22e) Importer(815301076,1909f56bfc062723c751e8b465ee728b)  -> (artifact id: '4d40a65f3ba773ae3adfd8dd7d8cd49a') in 0.057096 seconds 
========================================================================
Received Prepare
Registering precompiled user dll's ...
Registered in 0.012563 seconds.
Begin MonoManager ReloadAssembly
Symbol file LoadedFromMemory doesn't match image C:\Users\lukas\Documents\GitHub\Steel-Nemesis\Steel Nemesis Game\Library\PackageCache\com.unity.visualscripting@1.7.8\Editor\VisualScripting.Core\Dependencies\YamlDotNet\Unity.VisualScripting.YamlDotNet.dll
Symbol file LoadedFromMemory doesn't match image C:\Users\lukas\Documents\GitHub\Steel-Nemesis\Steel Nemesis Game\Library\PackageCache\com.unity.visualscripting@1.7.8\Editor\VisualScripting.Core\Dependencies\DotNetZip\Unity.VisualScripting.IonicZip.dll
Native extension for UWP target not found
Native extension for LinuxStandalone target not found
Native extension for WindowsStandalone target not found
Native extension for OSXStandalone target not found
Native extension for WebGL target not found
Refreshing native plugins compatible for Editor in 5.75 ms, found 3 plugins.
Preloading 0 native plugins for Editor in 0.00 ms.
Mono: successfully reloaded assembly
- Completed reload, in 20.443 seconds
Domain Reload Profiling:
	ReloadAssembly (20448ms)
		BeginReloadAssembly (1109ms)
			ExecutionOrderSort (0ms)
			DisableScriptedObjects (11ms)
			BackupInstance (0ms)
			ReleaseScriptingObjects (0ms)
			CreateAndSetChildDomain (83ms)
		EndReloadAssembly (16730ms)
			LoadAssemblies (1490ms)
			RebuildTransferFunctionScriptingTraits (0ms)
			SetupTypeCache (5641ms)
			ReleaseScriptCaches (25ms)
			RebuildScriptCaches (981ms)
			SetupLoadedEditorAssemblies (7223ms)
				LogAssemblyErrors (0ms)
				InitializePlatformSupportModulesInManaged (589ms)
				SetLoadedEditorAssemblies (12ms)
				RefreshPlugins (7ms)
				BeforeProcessingInitializeOnLoad (1348ms)
				ProcessInitializeOnLoadAttributes (4491ms)
				ProcessInitializeOnLoadMethodAttributes (663ms)
				AfterProcessingInitializeOnLoad (105ms)
				EditorAssembliesLoaded (7ms)
			ExecutionOrderSort2 (0ms)
			AwakeInstancesAfterBackupRestoration (327ms)
Platform modules already initialized, skipping
Refreshing native plugins compatible for Editor in 4.17 ms, found 3 plugins.
Preloading 0 native plugins for Editor in 0.00 ms.
Unloading 3462 Unused Serialized files (Serialized files now loaded: 0)
Unloading 29 unused Assets / (170.0 KB). Loaded Objects now: 3971.
Memory consumption went from 128.7 MB to 128.5 MB.
Total: 7.947000 ms (FindLiveObjects: 0.458400 ms CreateObjectMapping: 0.533900 ms MarkObjects: 6.840700 ms  DeleteObjects: 0.109100 ms)

AssetImportParameters requested are different than current active one (requested -> active):
  custom:video-decoder-ogg-theora: a1e56fd34408186e4bbccfd4996cb3dc -> 
  custom:container-muxer-webm: aa71ff27fc2769a1b78a27578f13a17b -> 
  custom:container-demuxer-webm: 4f35f7cbe854078d1ac9338744f61a02 -> 
  custom:video-encoder-webm-vp8: eb34c28f22e8b96e1ab97ce403110664 -> 
  custom:video-codec-MediaFoundation-h265: 746d11721c4dcdbdad8f713fa42b33f4 -> 
  custom:audio-encoder-webm-vorbis: bf7c407c2cedff20999df2af8eb42d56 -> 
  custom:framework-win-MediaFoundation: 216162199b28c13a410421893ffa2e32 -> 
  custom:container-demuxer-ogg: 62fdf1f143b41e24485cea50d1cbac27 -> 
  custom:video-decoder-webm-vp8: 9c59270c3fd7afecdb556c50c9e8de78 -> 
  custom:audio-decoder-ogg-vorbis: bf7c407c2cedff20999df2af8eb42d56 -> 
========================================================================
Received Import Request.
  Time since last request: 294.704522 seconds.
  path: Assets/Textures/Ships/Player Ships/emperor.png
  artifactKey: Guid(a100f11b5ef8d554ebd362058c9d8eaa) Importer(815301076,1909f56bfc062723c751e8b465ee728b)
Start importing Assets/Textures/Ships/Player Ships/emperor.png using Guid(a100f11b5ef8d554ebd362058c9d8eaa) Importer(815301076,1909f56bfc062723c751e8b465ee728b)  -> (artifact id: 'c115a27f53c487ad07e16e276f0bac2b') in 0.245994 seconds 
========================================================================
Received Import Request.
  Time since last request: 138.574478 seconds.
  path: Assets/Textures/Ships/Player Ships/emperor.png
  artifactKey: Guid(a100f11b5ef8d554ebd362058c9d8eaa) Importer(815301076,1909f56bfc062723c751e8b465ee728b)
Start importing Assets/Textures/Ships/Player Ships/emperor.png using Guid(a100f11b5ef8d554ebd362058c9d8eaa) Importer(815301076,1909f56bfc062723c751e8b465ee728b)  -> (artifact id: '852610e5cbb209b5363db14574944826') in 0.070483 seconds 
========================================================================
Received Prepare
Registering precompiled user dll's ...
Registered in 0.014140 seconds.
Begin MonoManager ReloadAssembly
Symbol file LoadedFromMemory doesn't match image C:\Users\lukas\Documents\GitHub\Steel-Nemesis\Steel Nemesis Game\Library\PackageCache\com.unity.visualscripting@1.7.8\Editor\VisualScripting.Core\Dependencies\YamlDotNet\Unity.VisualScripting.YamlDotNet.dll
Symbol file LoadedFromMemory doesn't match image C:\Users\lukas\Documents\GitHub\Steel-Nemesis\Steel Nemesis Game\Library\PackageCache\com.unity.visualscripting@1.7.8\Editor\VisualScripting.Core\Dependencies\DotNetZip\Unity.VisualScripting.IonicZip.dll
Native extension for UWP target not found
Native extension for LinuxStandalone target not found
Native extension for WindowsStandalone target not found
Native extension for OSXStandalone target not found
Native extension for WebGL target not found
Refreshing native plugins compatible for Editor in 5.38 ms, found 3 plugins.
Preloading 0 native plugins for Editor in 0.00 ms.
Mono: successfully reloaded assembly
- Completed reload, in 10.403 seconds
Domain Reload Profiling:
	ReloadAssembly (10409ms)
		BeginReloadAssembly (743ms)
			ExecutionOrderSort (0ms)
			DisableScriptedObjects (11ms)
			BackupInstance (0ms)
			ReleaseScriptingObjects (0ms)
			CreateAndSetChildDomain (100ms)
		EndReloadAssembly (8752ms)
			LoadAssemblies (811ms)
			RebuildTransferFunctionScriptingTraits (0ms)
			SetupTypeCache (2765ms)
			ReleaseScriptCaches (8ms)
			RebuildScriptCaches (542ms)
			SetupLoadedEditorAssemblies (3907ms)
				LogAssemblyErrors (0ms)
				InitializePlatformSupportModulesInManaged (332ms)
				SetLoadedEditorAssemblies (4ms)
				RefreshPlugins (6ms)
				BeforeProcessingInitializeOnLoad (690ms)
				ProcessInitializeOnLoadAttributes (2528ms)
				ProcessInitializeOnLoadMethodAttributes (255ms)
				AfterProcessingInitializeOnLoad (91ms)
				EditorAssembliesLoaded (2ms)
			ExecutionOrderSort2 (0ms)
			AwakeInstancesAfterBackupRestoration (82ms)
Platform modules already initialized, skipping
Refreshing native plugins compatible for Editor in 4.32 ms, found 3 plugins.
Preloading 0 native plugins for Editor in 0.00 ms.
Unloading 3462 Unused Serialized files (Serialized files now loaded: 0)
Unloading 29 unused Assets / (170.0 KB). Loaded Objects now: 3974.
Memory consumption went from 128.7 MB to 128.6 MB.
Total: 7.535200 ms (FindLiveObjects: 0.475600 ms CreateObjectMapping: 0.479800 ms MarkObjects: 6.474700 ms  DeleteObjects: 0.103000 ms)

AssetImportParameters requested are different than current active one (requested -> active):
  custom:video-decoder-ogg-theora: a1e56fd34408186e4bbccfd4996cb3dc -> 
  custom:container-muxer-webm: aa71ff27fc2769a1b78a27578f13a17b -> 
  custom:container-demuxer-webm: 4f35f7cbe854078d1ac9338744f61a02 -> 
  custom:video-encoder-webm-vp8: eb34c28f22e8b96e1ab97ce403110664 -> 
  custom:video-codec-MediaFoundation-h265: 746d11721c4dcdbdad8f713fa42b33f4 -> 
  custom:audio-encoder-webm-vorbis: bf7c407c2cedff20999df2af8eb42d56 -> 
  custom:framework-win-MediaFoundation: 216162199b28c13a410421893ffa2e32 -> 
  custom:container-demuxer-ogg: 62fdf1f143b41e24485cea50d1cbac27 -> 
  custom:video-decoder-webm-vp8: 9c59270c3fd7afecdb556c50c9e8de78 -> 
  custom:audio-decoder-ogg-vorbis: bf7c407c2cedff20999df2af8eb42d56 -> 
========================================================================
Received Import Request.
  Time since last request: 50.815339 seconds.
  path: Assets/Textures/Ships/Player Ships/scorpion.png
  artifactKey: Guid(a100f11b5ef8d554ebd362058c9d8eaa) Importer(815301076,1909f56bfc062723c751e8b465ee728b)
Start importing Assets/Textures/Ships/Player Ships/scorpion.png using Guid(a100f11b5ef8d554ebd362058c9d8eaa) Importer(815301076,1909f56bfc062723c751e8b465ee728b)  -> (artifact id: '9e34ab52cf59b330cbe9bce2f98bc929') in 0.127972 seconds 
========================================================================
Received Import Request.
  Time since last request: 47.481543 seconds.
  path: Assets/Textures/Ships/Player Ships/scorpion.png
  artifactKey: Guid(a100f11b5ef8d554ebd362058c9d8eaa) Importer(815301076,1909f56bfc062723c751e8b465ee728b)
Start importing Assets/Textures/Ships/Player Ships/scorpion.png using Guid(a100f11b5ef8d554ebd362058c9d8eaa) Importer(815301076,1909f56bfc062723c751e8b465ee728b)  -> (artifact id: 'ef8d1ce0d9c78890b0207882511cab31') in 0.037737 seconds 
========================================================================
Received Prepare
Registering precompiled user dll's ...
Registered in 0.010282 seconds.
Begin MonoManager ReloadAssembly
Symbol file LoadedFromMemory doesn't match image C:\Users\lukas\Documents\GitHub\Steel-Nemesis\Steel Nemesis Game\Library\PackageCache\com.unity.visualscripting@1.7.8\Editor\VisualScripting.Core\Dependencies\YamlDotNet\Unity.VisualScripting.YamlDotNet.dll
Symbol file LoadedFromMemory doesn't match image C:\Users\lukas\Documents\GitHub\Steel-Nemesis\Steel Nemesis Game\Library\PackageCache\com.unity.visualscripting@1.7.8\Editor\VisualScripting.Core\Dependencies\DotNetZip\Unity.VisualScripting.IonicZip.dll
Native extension for UWP target not found
Native extension for LinuxStandalone target not found
Native extension for WindowsStandalone target not found
Native extension for OSXStandalone target not found
Native extension for WebGL target not found
Refreshing native plugins compatible for Editor in 1.48 ms, found 3 plugins.
Preloading 0 native plugins for Editor in 0.00 ms.
Mono: successfully reloaded assembly
- Completed reload, in  3.294 seconds
Domain Reload Profiling:
	ReloadAssembly (3295ms)
		BeginReloadAssembly (253ms)
			ExecutionOrderSort (0ms)
			DisableScriptedObjects (11ms)
			BackupInstance (0ms)
			ReleaseScriptingObjects (0ms)
			CreateAndSetChildDomain (75ms)
		EndReloadAssembly (2837ms)
			LoadAssemblies (177ms)
			RebuildTransferFunctionScriptingTraits (0ms)
			SetupTypeCache (757ms)
			ReleaseScriptCaches (24ms)
			RebuildScriptCaches (608ms)
			SetupLoadedEditorAssemblies (954ms)
				LogAssemblyErrors (0ms)
				InitializePlatformSupportModulesInManaged (136ms)
				SetLoadedEditorAssemblies (1ms)
				RefreshPlugins (2ms)
				BeforeProcessingInitializeOnLoad (191ms)
				ProcessInitializeOnLoadAttributes (553ms)
				ProcessInitializeOnLoadMethodAttributes (62ms)
				AfterProcessingInitializeOnLoad (9ms)
				EditorAssembliesLoaded (0ms)
			ExecutionOrderSort2 (0ms)
			AwakeInstancesAfterBackupRestoration (13ms)
Platform modules already initialized, skipping
Refreshing native plugins compatible for Editor in 3.41 ms, found 3 plugins.
Preloading 0 native plugins for Editor in 0.00 ms.
Unloading 3462 Unused Serialized files (Serialized files now loaded: 0)
Unloading 29 unused Assets / (170.0 KB). Loaded Objects now: 3977.
Memory consumption went from 128.7 MB to 128.6 MB.
Total: 8.509700 ms (FindLiveObjects: 0.339400 ms CreateObjectMapping: 0.238900 ms MarkObjects: 7.778600 ms  DeleteObjects: 0.139600 ms)

AssetImportParameters requested are different than current active one (requested -> active):
  custom:video-decoder-ogg-theora: a1e56fd34408186e4bbccfd4996cb3dc -> 
  custom:container-muxer-webm: aa71ff27fc2769a1b78a27578f13a17b -> 
  custom:container-demuxer-webm: 4f35f7cbe854078d1ac9338744f61a02 -> 
  custom:video-encoder-webm-vp8: eb34c28f22e8b96e1ab97ce403110664 -> 
  custom:video-codec-MediaFoundation-h265: 746d11721c4dcdbdad8f713fa42b33f4 -> 
  custom:audio-encoder-webm-vorbis: bf7c407c2cedff20999df2af8eb42d56 -> 
  custom:framework-win-MediaFoundation: 216162199b28c13a410421893ffa2e32 -> 
  custom:container-demuxer-ogg: 62fdf1f143b41e24485cea50d1cbac27 -> 
  custom:video-decoder-webm-vp8: 9c59270c3fd7afecdb556c50c9e8de78 -> 
  custom:audio-decoder-ogg-vorbis: bf7c407c2cedff20999df2af8eb42d56 -> 
========================================================================
Received Import Request.
  Time since last request: 237.303025 seconds.
  path: Assets/Textures/Ships/Player Ships/scorpion.png
  artifactKey: Guid(a100f11b5ef8d554ebd362058c9d8eaa) Importer(815301076,1909f56bfc062723c751e8b465ee728b)
Start importing Assets/Textures/Ships/Player Ships/scorpion.png using Guid(a100f11b5ef8d554ebd362058c9d8eaa) Importer(815301076,1909f56bfc062723c751e8b465ee728b)  -> (artifact id: '1f8c990ca0dd6c0f4a4548d7b17cf301') in 0.209428 seconds 
========================================================================
Received Import Request.
  Time since last request: 8.205740 seconds.
  path: Assets/Textures/Ships/Player Ships/scorpion.png
  artifactKey: Guid(a100f11b5ef8d554ebd362058c9d8eaa) Importer(815301076,1909f56bfc062723c751e8b465ee728b)
Start importing Assets/Textures/Ships/Player Ships/scorpion.png using Guid(a100f11b5ef8d554ebd362058c9d8eaa) Importer(815301076,1909f56bfc062723c751e8b465ee728b)  -> (artifact id: 'f692a5e89e81b23a2f16b7cc781b4b7c') in 0.071249 seconds 
========================================================================
Received Import Request.
  Time since last request: 42.954446 seconds.
  path: Assets/Textures/Ships/Player Ships/scorpion.png
  artifactKey: Guid(a100f11b5ef8d554ebd362058c9d8eaa) Importer(815301076,1909f56bfc062723c751e8b465ee728b)
Start importing Assets/Textures/Ships/Player Ships/scorpion.png using Guid(a100f11b5ef8d554ebd362058c9d8eaa) Importer(815301076,1909f56bfc062723c751e8b465ee728b)  -> (artifact id: 'd4742fae567326b5e02feec1dc2c5a78') in 0.100136 seconds 
========================================================================
Received Import Request.
  Time since last request: 6.631039 seconds.
  path: Assets/Textures/Ships/Player Ships/scorpion.png
  artifactKey: Guid(a100f11b5ef8d554ebd362058c9d8eaa) Importer(815301076,1909f56bfc062723c751e8b465ee728b)
Start importing Assets/Textures/Ships/Player Ships/scorpion.png using Guid(a100f11b5ef8d554ebd362058c9d8eaa) Importer(815301076,1909f56bfc062723c751e8b465ee728b)  -> (artifact id: '49ac81fd73232073839c808e1407db24') in 0.115808 seconds 
========================================================================
Received Prepare
Registering precompiled user dll's ...
Registered in 0.009737 seconds.
Begin MonoManager ReloadAssembly
Symbol file LoadedFromMemory doesn't match image C:\Users\lukas\Documents\GitHub\Steel-Nemesis\Steel Nemesis Game\Library\PackageCache\com.unity.visualscripting@1.7.8\Editor\VisualScripting.Core\Dependencies\YamlDotNet\Unity.VisualScripting.YamlDotNet.dll
Symbol file LoadedFromMemory doesn't match image C:\Users\lukas\Documents\GitHub\Steel-Nemesis\Steel Nemesis Game\Library\PackageCache\com.unity.visualscripting@1.7.8\Editor\VisualScripting.Core\Dependencies\DotNetZip\Unity.VisualScripting.IonicZip.dll
Native extension for UWP target not found
Native extension for LinuxStandalone target not found
Native extension for WindowsStandalone target not found
Native extension for OSXStandalone target not found
Native extension for WebGL target not found
Refreshing native plugins compatible for Editor in 14.30 ms, found 3 plugins.
Preloading 0 native plugins for Editor in 0.00 ms.
Mono: successfully reloaded assembly
- Completed reload, in  9.851 seconds
Domain Reload Profiling:
	ReloadAssembly (9858ms)
		BeginReloadAssembly (255ms)
			ExecutionOrderSort (0ms)
			DisableScriptedObjects (12ms)
			BackupInstance (0ms)
			ReleaseScriptingObjects (0ms)
			CreateAndSetChildDomain (73ms)
		EndReloadAssembly (9367ms)
			LoadAssemblies (192ms)
			RebuildTransferFunctionScriptingTraits (0ms)
			SetupTypeCache (2036ms)
			ReleaseScriptCaches (2ms)
			RebuildScriptCaches (509ms)
			SetupLoadedEditorAssemblies (5510ms)
				LogAssemblyErrors (0ms)
				InitializePlatformSupportModulesInManaged (347ms)
				SetLoadedEditorAssemblies (12ms)
				RefreshPlugins (15ms)
				BeforeProcessingInitializeOnLoad (895ms)
				ProcessInitializeOnLoadAttributes (3512ms)
				ProcessInitializeOnLoadMethodAttributes (633ms)
				AfterProcessingInitializeOnLoad (95ms)
				EditorAssembliesLoaded (1ms)
			ExecutionOrderSort2 (0ms)
			AwakeInstancesAfterBackupRestoration (106ms)
Platform modules already initialized, skipping
Refreshing native plugins compatible for Editor in 35.68 ms, found 3 plugins.
Preloading 0 native plugins for Editor in 0.00 ms.
Unloading 3462 Unused Serialized files (Serialized files now loaded: 0)
Unloading 29 unused Assets / (169.9 KB). Loaded Objects now: 3980.
Memory consumption went from 128.8 MB to 128.6 MB.
Total: 47.542000 ms (FindLiveObjects: 2.254100 ms CreateObjectMapping: 2.823300 ms MarkObjects: 42.210600 ms  DeleteObjects: 0.250900 ms)

AssetImportParameters requested are different than current active one (requested -> active):
  custom:video-decoder-ogg-theora: a1e56fd34408186e4bbccfd4996cb3dc -> 
  custom:container-muxer-webm: aa71ff27fc2769a1b78a27578f13a17b -> 
  custom:container-demuxer-webm: 4f35f7cbe854078d1ac9338744f61a02 -> 
  custom:video-encoder-webm-vp8: eb34c28f22e8b96e1ab97ce403110664 -> 
  custom:video-codec-MediaFoundation-h265: 746d11721c4dcdbdad8f713fa42b33f4 -> 
  custom:audio-encoder-webm-vorbis: bf7c407c2cedff20999df2af8eb42d56 -> 
  custom:framework-win-MediaFoundation: 216162199b28c13a410421893ffa2e32 -> 
  custom:container-demuxer-ogg: 62fdf1f143b41e24485cea50d1cbac27 -> 
  custom:video-decoder-webm-vp8: 9c59270c3fd7afecdb556c50c9e8de78 -> 
  custom:audio-decoder-ogg-vorbis: bf7c407c2cedff20999df2af8eb42d56 -> 
========================================================================
Received Import Request.
  Time since last request: 112.648264 seconds.
  path: Assets/Textures/Ships/Player Ships/scorpion.png
  artifactKey: Guid(a100f11b5ef8d554ebd362058c9d8eaa) Importer(815301076,1909f56bfc062723c751e8b465ee728b)
Start importing Assets/Textures/Ships/Player Ships/scorpion.png using Guid(a100f11b5ef8d554ebd362058c9d8eaa) Importer(815301076,1909f56bfc062723c751e8b465ee728b)  -> (artifact id: 'dbd7a96de69b0f9ea7793f607b79d776') in 0.176276 seconds 
========================================================================
Received Import Request.
  Time since last request: 26.830336 seconds.
  path: Assets/Textures/Ships/Player Ships/scorpion.png
  artifactKey: Guid(a100f11b5ef8d554ebd362058c9d8eaa) Importer(815301076,1909f56bfc062723c751e8b465ee728b)
Start importing Assets/Textures/Ships/Player Ships/scorpion.png using Guid(a100f11b5ef8d554ebd362058c9d8eaa) Importer(815301076,1909f56bfc062723c751e8b465ee728b)  -> (artifact id: 'e3b34735ea9baa285cd4c2ff41a5e854') in 0.094602 seconds 
========================================================================
Received Prepare
Registering precompiled user dll's ...
Registered in 0.009379 seconds.
Begin MonoManager ReloadAssembly
Symbol file LoadedFromMemory doesn't match image C:\Users\lukas\Documents\GitHub\Steel-Nemesis\Steel Nemesis Game\Library\PackageCache\com.unity.visualscripting@1.7.8\Editor\VisualScripting.Core\Dependencies\YamlDotNet\Unity.VisualScripting.YamlDotNet.dll
Symbol file LoadedFromMemory doesn't match image C:\Users\lukas\Documents\GitHub\Steel-Nemesis\Steel Nemesis Game\Library\PackageCache\com.unity.visualscripting@1.7.8\Editor\VisualScripting.Core\Dependencies\DotNetZip\Unity.VisualScripting.IonicZip.dll
Native extension for UWP target not found
Native extension for LinuxStandalone target not found
Native extension for WindowsStandalone target not found
Native extension for OSXStandalone target not found
Native extension for WebGL target not found
Refreshing native plugins compatible for Editor in 4.34 ms, found 3 plugins.
Preloading 0 native plugins for Editor in 0.00 ms.
Mono: successfully reloaded assembly
- Completed reload, in 11.725 seconds
Domain Reload Profiling:
	ReloadAssembly (11730ms)
		BeginReloadAssembly (278ms)
			ExecutionOrderSort (0ms)
			DisableScriptedObjects (13ms)
			BackupInstance (0ms)
			ReleaseScriptingObjects (0ms)
			CreateAndSetChildDomain (74ms)
		EndReloadAssembly (11240ms)
			LoadAssemblies (186ms)
			RebuildTransferFunctionScriptingTraits (0ms)
			SetupTypeCache (746ms)
			ReleaseScriptCaches (49ms)
			RebuildScriptCaches (735ms)
			SetupLoadedEditorAssemblies (7564ms)
				LogAssemblyErrors (0ms)
				InitializePlatformSupportModulesInManaged (621ms)
				SetLoadedEditorAssemblies (6ms)
				RefreshPlugins (6ms)
				BeforeProcessingInitializeOnLoad (1360ms)
				ProcessInitializeOnLoadAttributes (4872ms)
				ProcessInitializeOnLoadMethodAttributes (549ms)
				AfterProcessingInitializeOnLoad (149ms)
				EditorAssembliesLoaded (1ms)
			ExecutionOrderSort2 (0ms)
			AwakeInstancesAfterBackupRestoration (110ms)
Platform modules already initialized, skipping
Refreshing native plugins compatible for Editor in 61.05 ms, found 3 plugins.
Preloading 0 native plugins for Editor in 0.00 ms.
Unloading 3462 Unused Serialized files (Serialized files now loaded: 0)
Unloading 29 unused Assets / (170.0 KB). Loaded Objects now: 3983.
Memory consumption went from 128.8 MB to 128.6 MB.
Total: 50.819800 ms (FindLiveObjects: 8.278000 ms CreateObjectMapping: 2.999000 ms MarkObjects: 37.286800 ms  DeleteObjects: 2.225900 ms)

AssetImportParameters requested are different than current active one (requested -> active):
  custom:video-decoder-ogg-theora: a1e56fd34408186e4bbccfd4996cb3dc -> 
  custom:container-muxer-webm: aa71ff27fc2769a1b78a27578f13a17b -> 
  custom:container-demuxer-webm: 4f35f7cbe854078d1ac9338744f61a02 -> 
  custom:video-encoder-webm-vp8: eb34c28f22e8b96e1ab97ce403110664 -> 
  custom:video-codec-MediaFoundation-h265: 746d11721c4dcdbdad8f713fa42b33f4 -> 
  custom:audio-encoder-webm-vorbis: bf7c407c2cedff20999df2af8eb42d56 -> 
  custom:framework-win-MediaFoundation: 216162199b28c13a410421893ffa2e32 -> 
  custom:container-demuxer-ogg: 62fdf1f143b41e24485cea50d1cbac27 -> 
  custom:video-decoder-webm-vp8: 9c59270c3fd7afecdb556c50c9e8de78 -> 
  custom:audio-decoder-ogg-vorbis: bf7c407c2cedff20999df2af8eb42d56 -> 
========================================================================
Received Prepare
Registering precompiled user dll's ...
Registered in 0.011236 seconds.
Begin MonoManager ReloadAssembly
Symbol file LoadedFromMemory doesn't match image C:\Users\lukas\Documents\GitHub\Steel-Nemesis\Steel Nemesis Game\Library\PackageCache\com.unity.visualscripting@1.7.8\Editor\VisualScripting.Core\Dependencies\YamlDotNet\Unity.VisualScripting.YamlDotNet.dll
Symbol file LoadedFromMemory doesn't match image C:\Users\lukas\Documents\GitHub\Steel-Nemesis\Steel Nemesis Game\Library\PackageCache\com.unity.visualscripting@1.7.8\Editor\VisualScripting.Core\Dependencies\DotNetZip\Unity.VisualScripting.IonicZip.dll
Native extension for UWP target not found
Native extension for LinuxStandalone target not found
Native extension for WindowsStandalone target not found
Native extension for OSXStandalone target not found
Native extension for WebGL target not found
Refreshing native plugins compatible for Editor in 1.49 ms, found 3 plugins.
Preloading 0 native plugins for Editor in 0.00 ms.
Mono: successfully reloaded assembly
- Completed reload, in 17.572 seconds
Domain Reload Profiling:
	ReloadAssembly (17573ms)
		BeginReloadAssembly (453ms)
			ExecutionOrderSort (0ms)
			DisableScriptedObjects (12ms)
			BackupInstance (0ms)
			ReleaseScriptingObjects (0ms)
			CreateAndSetChildDomain (216ms)
		EndReloadAssembly (14896ms)
			LoadAssemblies (566ms)
			RebuildTransferFunctionScriptingTraits (1ms)
			SetupTypeCache (10505ms)
			ReleaseScriptCaches (28ms)
			RebuildScriptCaches (1989ms)
			SetupLoadedEditorAssemblies (975ms)
				LogAssemblyErrors (0ms)
				InitializePlatformSupportModulesInManaged (66ms)
				SetLoadedEditorAssemblies (1ms)
				RefreshPlugins (2ms)
				BeforeProcessingInitializeOnLoad (144ms)
				ProcessInitializeOnLoadAttributes (691ms)
				ProcessInitializeOnLoadMethodAttributes (60ms)
				AfterProcessingInitializeOnLoad (11ms)
				EditorAssembliesLoaded (0ms)
			ExecutionOrderSort2 (0ms)
			AwakeInstancesAfterBackupRestoration (16ms)
Platform modules already initialized, skipping
Refreshing native plugins compatible for Editor in 3.64 ms, found 3 plugins.
Preloading 0 native plugins for Editor in 0.00 ms.
Unloading 3462 Unused Serialized files (Serialized files now loaded: 0)
Unloading 29 unused Assets / (170.0 KB). Loaded Objects now: 3986.
Memory consumption went from 128.8 MB to 128.6 MB.
Total: 6.058100 ms (FindLiveObjects: 0.557500 ms CreateObjectMapping: 0.292800 ms MarkObjects: 5.059600 ms  DeleteObjects: 0.146100 ms)

AssetImportParameters requested are different than current active one (requested -> active):
  custom:video-decoder-ogg-theora: a1e56fd34408186e4bbccfd4996cb3dc -> 
  custom:container-muxer-webm: aa71ff27fc2769a1b78a27578f13a17b -> 
  custom:container-demuxer-webm: 4f35f7cbe854078d1ac9338744f61a02 -> 
  custom:video-encoder-webm-vp8: eb34c28f22e8b96e1ab97ce403110664 -> 
  custom:video-codec-MediaFoundation-h265: 746d11721c4dcdbdad8f713fa42b33f4 -> 
  custom:audio-encoder-webm-vorbis: bf7c407c2cedff20999df2af8eb42d56 -> 
  custom:framework-win-MediaFoundation: 216162199b28c13a410421893ffa2e32 -> 
  custom:container-demuxer-ogg: 62fdf1f143b41e24485cea50d1cbac27 -> 
  custom:video-decoder-webm-vp8: 9c59270c3fd7afecdb556c50c9e8de78 -> 
  custom:audio-decoder-ogg-vorbis: bf7c407c2cedff20999df2af8eb42d56 -> 
========================================================================
Received Import Request.
  Time since last request: 1894.711598 seconds.
  path: Assets/Textures/Ships/Player Ships/scorpion.png
  artifactKey: Guid(a100f11b5ef8d554ebd362058c9d8eaa) Importer(815301076,1909f56bfc062723c751e8b465ee728b)
Start importing Assets/Textures/Ships/Player Ships/scorpion.png using Guid(a100f11b5ef8d554ebd362058c9d8eaa) Importer(815301076,1909f56bfc062723c751e8b465ee728b)  -> (artifact id: 'e6e924a454f385435074cb4440207735') in 0.240478 seconds 
========================================================================
Received Import Request.
  Time since last request: 91.181254 seconds.
  path: Assets/Textures/Ships/Player Ships/scorpion.png
  artifactKey: Guid(a100f11b5ef8d554ebd362058c9d8eaa) Importer(815301076,1909f56bfc062723c751e8b465ee728b)
Start importing Assets/Textures/Ships/Player Ships/scorpion.png using Guid(a100f11b5ef8d554ebd362058c9d8eaa) Importer(815301076,1909f56bfc062723c751e8b465ee728b)  -> (artifact id: '8d81c2150b7e603584b6c347331e6fa0') in 0.115862 seconds 
========================================================================
Received Prepare
Registering precompiled user dll's ...
Registered in 0.012853 seconds.
Begin MonoManager ReloadAssembly
Symbol file LoadedFromMemory doesn't match image C:\Users\lukas\Documents\GitHub\Steel-Nemesis\Steel Nemesis Game\Library\PackageCache\com.unity.visualscripting@1.7.8\Editor\VisualScripting.Core\Dependencies\YamlDotNet\Unity.VisualScripting.YamlDotNet.dll
Symbol file LoadedFromMemory doesn't match image C:\Users\lukas\Documents\GitHub\Steel-Nemesis\Steel Nemesis Game\Library\PackageCache\com.unity.visualscripting@1.7.8\Editor\VisualScripting.Core\Dependencies\DotNetZip\Unity.VisualScripting.IonicZip.dll
Native extension for UWP target not found
Native extension for LinuxStandalone target not found
Native extension for WindowsStandalone target not found
Native extension for OSXStandalone target not found
Native extension for WebGL target not found
Refreshing native plugins compatible for Editor in 12.18 ms, found 3 plugins.
Preloading 0 native plugins for Editor in 0.00 ms.
Mono: successfully reloaded assembly
- Completed reload, in  8.898 seconds
Domain Reload Profiling:
	ReloadAssembly (8907ms)
		BeginReloadAssembly (277ms)
			ExecutionOrderSort (0ms)
			DisableScriptedObjects (12ms)
			BackupInstance (0ms)
			ReleaseScriptingObjects (0ms)
			CreateAndSetChildDomain (81ms)
		EndReloadAssembly (8335ms)
			LoadAssemblies (204ms)
			RebuildTransferFunctionScriptingTraits (0ms)
			SetupTypeCache (2560ms)
			ReleaseScriptCaches (13ms)
			RebuildScriptCaches (828ms)
			SetupLoadedEditorAssemblies (3455ms)
				LogAssemblyErrors (0ms)
				InitializePlatformSupportModulesInManaged (511ms)
				SetLoadedEditorAssemblies (16ms)
				RefreshPlugins (12ms)
				BeforeProcessingInitializeOnLoad (1150ms)
				ProcessInitializeOnLoadAttributes (1431ms)
				ProcessInitializeOnLoadMethodAttributes (319ms)
				AfterProcessingInitializeOnLoad (16ms)
				EditorAssembliesLoaded (0ms)
			ExecutionOrderSort2 (0ms)
			AwakeInstancesAfterBackupRestoration (24ms)
Platform modules already initialized, skipping
Refreshing native plugins compatible for Editor in 3.80 ms, found 3 plugins.
Preloading 0 native plugins for Editor in 0.00 ms.
Unloading 3462 Unused Serialized files (Serialized files now loaded: 0)
Unloading 29 unused Assets / (170.0 KB). Loaded Objects now: 3989.
Memory consumption went from 128.8 MB to 128.6 MB.
Total: 4.318600 ms (FindLiveObjects: 0.322500 ms CreateObjectMapping: 0.216500 ms MarkObjects: 3.701900 ms  DeleteObjects: 0.075800 ms)

AssetImportParameters requested are different than current active one (requested -> active):
  custom:video-decoder-ogg-theora: a1e56fd34408186e4bbccfd4996cb3dc -> 
  custom:container-muxer-webm: aa71ff27fc2769a1b78a27578f13a17b -> 
  custom:container-demuxer-webm: 4f35f7cbe854078d1ac9338744f61a02 -> 
  custom:video-encoder-webm-vp8: eb34c28f22e8b96e1ab97ce403110664 -> 
  custom:video-codec-MediaFoundation-h265: 746d11721c4dcdbdad8f713fa42b33f4 -> 
  custom:audio-encoder-webm-vorbis: bf7c407c2cedff20999df2af8eb42d56 -> 
  custom:framework-win-MediaFoundation: 216162199b28c13a410421893ffa2e32 -> 
  custom:container-demuxer-ogg: 62fdf1f143b41e24485cea50d1cbac27 -> 
  custom:video-decoder-webm-vp8: 9c59270c3fd7afecdb556c50c9e8de78 -> 
  custom:audio-decoder-ogg-vorbis: bf7c407c2cedff20999df2af8eb42d56 -> 
========================================================================
Received Prepare
Registering precompiled user dll's ...
Registered in 0.009755 seconds.
Begin MonoManager ReloadAssembly
Symbol file LoadedFromMemory doesn't match image C:\Users\lukas\Documents\GitHub\Steel-Nemesis\Steel Nemesis Game\Library\PackageCache\com.unity.visualscripting@1.7.8\Editor\VisualScripting.Core\Dependencies\YamlDotNet\Unity.VisualScripting.YamlDotNet.dll
Symbol file LoadedFromMemory doesn't match image C:\Users\lukas\Documents\GitHub\Steel-Nemesis\Steel Nemesis Game\Library\PackageCache\com.unity.visualscripting@1.7.8\Editor\VisualScripting.Core\Dependencies\DotNetZip\Unity.VisualScripting.IonicZip.dll
Native extension for UWP target not found
Native extension for LinuxStandalone target not found
Native extension for WindowsStandalone target not found
Native extension for OSXStandalone target not found
Native extension for WebGL target not found
Refreshing native plugins compatible for Editor in 1.46 ms, found 3 plugins.
Preloading 0 native plugins for Editor in 0.00 ms.
Mono: successfully reloaded assembly
- Completed reload, in 17.183 seconds
Domain Reload Profiling:
	ReloadAssembly (17188ms)
		BeginReloadAssembly (332ms)
			ExecutionOrderSort (0ms)
			DisableScriptedObjects (13ms)
			BackupInstance (0ms)
			ReleaseScriptingObjects (0ms)
			CreateAndSetChildDomain (102ms)
		EndReloadAssembly (16592ms)
			LoadAssemblies (240ms)
			RebuildTransferFunctionScriptingTraits (0ms)
			SetupTypeCache (5859ms)
			ReleaseScriptCaches (19ms)
			RebuildScriptCaches (963ms)
			SetupLoadedEditorAssemblies (7830ms)
				LogAssemblyErrors (0ms)
				InitializePlatformSupportModulesInManaged (596ms)
				SetLoadedEditorAssemblies (1ms)
				RefreshPlugins (2ms)
				BeforeProcessingInitializeOnLoad (1289ms)
				ProcessInitializeOnLoadAttributes (5051ms)
				ProcessInitializeOnLoadMethodAttributes (665ms)
				AfterProcessingInitializeOnLoad (225ms)
				EditorAssembliesLoaded (1ms)
			ExecutionOrderSort2 (0ms)
			AwakeInstancesAfterBackupRestoration (183ms)
Platform modules already initialized, skipping
Refreshing native plugins compatible for Editor in 8.83 ms, found 3 plugins.
Preloading 0 native plugins for Editor in 0.00 ms.
Unloading 3462 Unused Serialized files (Serialized files now loaded: 0)
Unloading 29 unused Assets / (169.9 KB). Loaded Objects now: 3992.
Memory consumption went from 128.8 MB to 128.6 MB.
Total: 4.399500 ms (FindLiveObjects: 0.452800 ms CreateObjectMapping: 0.326600 ms MarkObjects: 3.539100 ms  DeleteObjects: 0.079500 ms)

AssetImportParameters requested are different than current active one (requested -> active):
  custom:video-decoder-ogg-theora: a1e56fd34408186e4bbccfd4996cb3dc -> 
  custom:container-muxer-webm: aa71ff27fc2769a1b78a27578f13a17b -> 
  custom:container-demuxer-webm: 4f35f7cbe854078d1ac9338744f61a02 -> 
  custom:video-encoder-webm-vp8: eb34c28f22e8b96e1ab97ce403110664 -> 
  custom:video-codec-MediaFoundation-h265: 746d11721c4dcdbdad8f713fa42b33f4 -> 
  custom:audio-encoder-webm-vorbis: bf7c407c2cedff20999df2af8eb42d56 -> 
  custom:framework-win-MediaFoundation: 216162199b28c13a410421893ffa2e32 -> 
  custom:container-demuxer-ogg: 62fdf1f143b41e24485cea50d1cbac27 -> 
  custom:video-decoder-webm-vp8: 9c59270c3fd7afecdb556c50c9e8de78 -> 
  custom:audio-decoder-ogg-vorbis: bf7c407c2cedff20999df2af8eb42d56 -> 
========================================================================
Received Prepare
Registering precompiled user dll's ...
Registered in 0.008311 seconds.
Begin MonoManager ReloadAssembly
Symbol file LoadedFromMemory doesn't match image C:\Users\lukas\Documents\GitHub\Steel-Nemesis\Steel Nemesis Game\Library\PackageCache\com.unity.visualscripting@1.7.8\Editor\VisualScripting.Core\Dependencies\YamlDotNet\Unity.VisualScripting.YamlDotNet.dll
Symbol file LoadedFromMemory doesn't match image C:\Users\lukas\Documents\GitHub\Steel-Nemesis\Steel Nemesis Game\Library\PackageCache\com.unity.visualscripting@1.7.8\Editor\VisualScripting.Core\Dependencies\DotNetZip\Unity.VisualScripting.IonicZip.dll
Native extension for UWP target not found
Native extension for LinuxStandalone target not found
Native extension for WindowsStandalone target not found
Native extension for OSXStandalone target not found
Native extension for WebGL target not found
Refreshing native plugins compatible for Editor in 9.60 ms, found 3 plugins.
Preloading 0 native plugins for Editor in 0.00 ms.
Mono: successfully reloaded assembly
- Completed reload, in 13.596 seconds
Domain Reload Profiling:
	ReloadAssembly (13597ms)
		BeginReloadAssembly (1624ms)
			ExecutionOrderSort (0ms)
			DisableScriptedObjects (19ms)
			BackupInstance (0ms)
			ReleaseScriptingObjects (0ms)
			CreateAndSetChildDomain (152ms)
		EndReloadAssembly (10266ms)
			LoadAssemblies (1613ms)
			RebuildTransferFunctionScriptingTraits (2ms)
			SetupTypeCache (4451ms)
			ReleaseScriptCaches (18ms)
			RebuildScriptCaches (1380ms)
			SetupLoadedEditorAssemblies (2815ms)
				LogAssemblyErrors (0ms)
				InitializePlatformSupportModulesInManaged (345ms)
				SetLoadedEditorAssemblies (15ms)
				RefreshPlugins (10ms)
				BeforeProcessingInitializeOnLoad (1009ms)
				ProcessInitializeOnLoadAttributes (1377ms)
				ProcessInitializeOnLoadMethodAttributes (47ms)
				AfterProcessingInitializeOnLoad (11ms)
				EditorAssembliesLoaded (0ms)
			ExecutionOrderSort2 (0ms)
			AwakeInstancesAfterBackupRestoration (11ms)
Platform modules already initialized, skipping
Refreshing native plugins compatible for Editor in 4.35 ms, found 3 plugins.
Preloading 0 native plugins for Editor in 0.00 ms.
Unloading 3462 Unused Serialized files (Serialized files now loaded: 0)
Unloading 29 unused Assets / (169.9 KB). Loaded Objects now: 3995.
Memory consumption went from 128.8 MB to 128.6 MB.
Total: 6.446900 ms (FindLiveObjects: 0.502400 ms CreateObjectMapping: 0.372200 ms MarkObjects: 5.472600 ms  DeleteObjects: 0.097900 ms)

AssetImportParameters requested are different than current active one (requested -> active):
  custom:video-decoder-ogg-theora: a1e56fd34408186e4bbccfd4996cb3dc -> 
  custom:container-muxer-webm: aa71ff27fc2769a1b78a27578f13a17b -> 
  custom:container-demuxer-webm: 4f35f7cbe854078d1ac9338744f61a02 -> 
  custom:video-encoder-webm-vp8: eb34c28f22e8b96e1ab97ce403110664 -> 
  custom:video-codec-MediaFoundation-h265: 746d11721c4dcdbdad8f713fa42b33f4 -> 
  custom:audio-encoder-webm-vorbis: bf7c407c2cedff20999df2af8eb42d56 -> 
  custom:framework-win-MediaFoundation: 216162199b28c13a410421893ffa2e32 -> 
  custom:container-demuxer-ogg: 62fdf1f143b41e24485cea50d1cbac27 -> 
  custom:video-decoder-webm-vp8: 9c59270c3fd7afecdb556c50c9e8de78 -> 
  custom:audio-decoder-ogg-vorbis: bf7c407c2cedff20999df2af8eb42d56 -> 
========================================================================
Received Prepare
Registering precompiled user dll's ...
Registered in 0.009662 seconds.
Begin MonoManager ReloadAssembly
Symbol file LoadedFromMemory doesn't match image C:\Users\lukas\Documents\GitHub\Steel-Nemesis\Steel Nemesis Game\Library\PackageCache\com.unity.visualscripting@1.7.8\Editor\VisualScripting.Core\Dependencies\YamlDotNet\Unity.VisualScripting.YamlDotNet.dll
Symbol file LoadedFromMemory doesn't match image C:\Users\lukas\Documents\GitHub\Steel-Nemesis\Steel Nemesis Game\Library\PackageCache\com.unity.visualscripting@1.7.8\Editor\VisualScripting.Core\Dependencies\DotNetZip\Unity.VisualScripting.IonicZip.dll
Native extension for UWP target not found
Native extension for LinuxStandalone target not found
Native extension for WindowsStandalone target not found
Native extension for OSXStandalone target not found
Native extension for WebGL target not found
Refreshing native plugins compatible for Editor in 2.59 ms, found 3 plugins.
Preloading 0 native plugins for Editor in 0.00 ms.
Mono: successfully reloaded assembly
- Completed reload, in  8.141 seconds
Domain Reload Profiling:
	ReloadAssembly (8142ms)
		BeginReloadAssembly (207ms)
			ExecutionOrderSort (0ms)
			DisableScriptedObjects (7ms)
			BackupInstance (0ms)
			ReleaseScriptingObjects (0ms)
			CreateAndSetChildDomain (60ms)
		EndReloadAssembly (7737ms)
			LoadAssemblies (155ms)
			RebuildTransferFunctionScriptingTraits (0ms)
			SetupTypeCache (1612ms)
			ReleaseScriptCaches (17ms)
			RebuildScriptCaches (614ms)
			SetupLoadedEditorAssemblies (4406ms)
				LogAssemblyErrors (0ms)
				InitializePlatformSupportModulesInManaged (304ms)
				SetLoadedEditorAssemblies (9ms)
				RefreshPlugins (3ms)
				BeforeProcessingInitializeOnLoad (827ms)
				ProcessInitializeOnLoadAttributes (3191ms)
				ProcessInitializeOnLoadMethodAttributes (59ms)
				AfterProcessingInitializeOnLoad (13ms)
				EditorAssembliesLoaded (0ms)
			ExecutionOrderSort2 (0ms)
			AwakeInstancesAfterBackupRestoration (24ms)
Platform modules already initialized, skipping
Refreshing native plugins compatible for Editor in 2.79 ms, found 3 plugins.
Preloading 0 native plugins for Editor in 0.00 ms.
Unloading 3462 Unused Serialized files (Serialized files now loaded: 0)
Unloading 29 unused Assets / (170.1 KB). Loaded Objects now: 3998.
Memory consumption went from 128.8 MB to 128.6 MB.
Total: 3.524300 ms (FindLiveObjects: 0.310000 ms CreateObjectMapping: 0.213300 ms MarkObjects: 2.928100 ms  DeleteObjects: 0.071500 ms)

AssetImportParameters requested are different than current active one (requested -> active):
  custom:video-decoder-ogg-theora: a1e56fd34408186e4bbccfd4996cb3dc -> 
  custom:container-muxer-webm: aa71ff27fc2769a1b78a27578f13a17b -> 
  custom:container-demuxer-webm: 4f35f7cbe854078d1ac9338744f61a02 -> 
  custom:video-encoder-webm-vp8: eb34c28f22e8b96e1ab97ce403110664 -> 
  custom:video-codec-MediaFoundation-h265: 746d11721c4dcdbdad8f713fa42b33f4 -> 
  custom:audio-encoder-webm-vorbis: bf7c407c2cedff20999df2af8eb42d56 -> 
  custom:framework-win-MediaFoundation: 216162199b28c13a410421893ffa2e32 -> 
  custom:container-demuxer-ogg: 62fdf1f143b41e24485cea50d1cbac27 -> 
  custom:video-decoder-webm-vp8: 9c59270c3fd7afecdb556c50c9e8de78 -> 
  custom:audio-decoder-ogg-vorbis: bf7c407c2cedff20999df2af8eb42d56 -> 
========================================================================
Received Import Request.
  Time since last request: 1407.828690 seconds.
  path: Assets/Textures/Ships/Enemy Ships/tank.png
  artifactKey: Guid(4c3f655e9087b0141b56154786b94e86) Importer(815301076,1909f56bfc062723c751e8b465ee728b)
Start importing Assets/Textures/Ships/Enemy Ships/tank.png using Guid(4c3f655e9087b0141b56154786b94e86) Importer(815301076,1909f56bfc062723c751e8b465ee728b)  -> (artifact id: '4bf706aa112189fb8d94d8badb101c73') in 0.135219 seconds 
========================================================================
Received Import Request.
  Time since last request: 3.357317 seconds.
  path: Assets/Textures/Ships/Enemy Ships/attacker.png
  artifactKey: Guid(e9f4560889725454fba589cb62b1eded) Importer(815301076,1909f56bfc062723c751e8b465ee728b)
Start importing Assets/Textures/Ships/Enemy Ships/attacker.png using Guid(e9f4560889725454fba589cb62b1eded) Importer(815301076,1909f56bfc062723c751e8b465ee728b)  -> (artifact id: 'a787bf156f16c3bacfe351624a60906f') in 0.064947 seconds 
========================================================================
Received Import Request.
  Time since last request: 4.784716 seconds.
  path: Assets/Textures/Ships/Enemy Ships/fighter.png
  artifactKey: Guid(2ea7a5d73b9c74605b4953fc4b44d016) Importer(815301076,1909f56bfc062723c751e8b465ee728b)
Start importing Assets/Textures/Ships/Enemy Ships/fighter.png using Guid(2ea7a5d73b9c74605b4953fc4b44d016) Importer(815301076,1909f56bfc062723c751e8b465ee728b)  -> (artifact id: '31fc49b94b7eadfc8e22b283ac0e8e3e') in 0.064178 seconds 
========================================================================
Received Import Request.
  Time since last request: 6.703634 seconds.
  path: Assets/Textures/Ships/Enemy Ships/basic.png
  artifactKey: Guid(887e546353229564f91c7c4e8f7d01e9) Importer(815301076,1909f56bfc062723c751e8b465ee728b)
Start importing Assets/Textures/Ships/Enemy Ships/basic.png using Guid(887e546353229564f91c7c4e8f7d01e9) Importer(815301076,1909f56bfc062723c751e8b465ee728b)  -> (artifact id: 'd5ba450520b606d04aaac159259a603d') in 0.065879 seconds 
========================================================================
Received Import Request.
  Time since last request: 4.594005 seconds.
  path: Assets/Textures/Ships/Enemy Ships/frontliner.png
  artifactKey: Guid(887e546353229564f91c7c4e8f7d01e9) Importer(815301076,1909f56bfc062723c751e8b465ee728b)
Start importing Assets/Textures/Ships/Enemy Ships/frontliner.png using Guid(887e546353229564f91c7c4e8f7d01e9) Importer(815301076,1909f56bfc062723c751e8b465ee728b)  -> (artifact id: '0606f9233d145ef329bcf986fe1e07ad') in 0.062795 seconds 
========================================================================
Received Import Request.
  Time since last request: 5.910045 seconds.
  path: Assets/Textures/Ships/Enemy Ships/suicider.png
  artifactKey: Guid(6829ce8b35537ea449a0088a61b1aa83) Importer(815301076,1909f56bfc062723c751e8b465ee728b)
Start importing Assets/Textures/Ships/Enemy Ships/suicider.png using Guid(6829ce8b35537ea449a0088a61b1aa83) Importer(815301076,1909f56bfc062723c751e8b465ee728b)  -> (artifact id: '8ae967cc1527866f53c86539469a729b') in 0.065240 seconds 
========================================================================
Received Import Request.
  Time since last request: 4.846037 seconds.
  path: Assets/Textures/Ships/Enemy Ships/mothership.png
  artifactKey: Guid(89873d687c29b4225a440fe538a052ad) Importer(815301076,1909f56bfc062723c751e8b465ee728b)
Start importing Assets/Textures/Ships/Enemy Ships/mothership.png using Guid(89873d687c29b4225a440fe538a052ad) Importer(815301076,1909f56bfc062723c751e8b465ee728b)  -> (artifact id: '1d4803cd99516b83cfa9cfa015246b2d') in 0.056980 seconds 
========================================================================
Received Prepare
Registering precompiled user dll's ...
Registered in 0.006033 seconds.
Begin MonoManager ReloadAssembly
Symbol file LoadedFromMemory doesn't match image C:\Users\lukas\Documents\GitHub\Steel-Nemesis\Steel Nemesis Game\Library\PackageCache\com.unity.visualscripting@1.7.8\Editor\VisualScripting.Core\Dependencies\YamlDotNet\Unity.VisualScripting.YamlDotNet.dll
Symbol file LoadedFromMemory doesn't match image C:\Users\lukas\Documents\GitHub\Steel-Nemesis\Steel Nemesis Game\Library\PackageCache\com.unity.visualscripting@1.7.8\Editor\VisualScripting.Core\Dependencies\DotNetZip\Unity.VisualScripting.IonicZip.dll
Native extension for UWP target not found
Native extension for LinuxStandalone target not found
Native extension for WindowsStandalone target not found
Native extension for OSXStandalone target not found
Native extension for WebGL target not found
Refreshing native plugins compatible for Editor in 9.94 ms, found 3 plugins.
Preloading 0 native plugins for Editor in 0.00 ms.
Mono: successfully reloaded assembly
- Completed reload, in  7.152 seconds
Domain Reload Profiling:
	ReloadAssembly (7154ms)
		BeginReloadAssembly (211ms)
			ExecutionOrderSort (0ms)
			DisableScriptedObjects (9ms)
			BackupInstance (0ms)
			ReleaseScriptingObjects (0ms)
			CreateAndSetChildDomain (61ms)
		EndReloadAssembly (6742ms)
			LoadAssemblies (142ms)
			RebuildTransferFunctionScriptingTraits (0ms)
			SetupTypeCache (566ms)
			ReleaseScriptCaches (10ms)
			RebuildScriptCaches (497ms)
			SetupLoadedEditorAssemblies (4435ms)
				LogAssemblyErrors (0ms)
				InitializePlatformSupportModulesInManaged (229ms)
				SetLoadedEditorAssemblies (3ms)
				RefreshPlugins (11ms)
				BeforeProcessingInitializeOnLoad (484ms)
				ProcessInitializeOnLoadAttributes (3327ms)
				ProcessInitializeOnLoadMethodAttributes (303ms)
				AfterProcessingInitializeOnLoad (77ms)
				EditorAssembliesLoaded (0ms)
			ExecutionOrderSort2 (0ms)
			AwakeInstancesAfterBackupRestoration (112ms)
Platform modules already initialized, skipping
Refreshing native plugins compatible for Editor in 25.06 ms, found 3 plugins.
Preloading 0 native plugins for Editor in 0.00 ms.
Unloading 3462 Unused Serialized files (Serialized files now loaded: 0)
Unloading 29 unused Assets / (170.0 KB). Loaded Objects now: 4001.
Memory consumption went from 128.8 MB to 128.7 MB.
Total: 29.925900 ms (FindLiveObjects: 2.544700 ms CreateObjectMapping: 0.750100 ms MarkObjects: 26.463400 ms  DeleteObjects: 0.165700 ms)

AssetImportParameters requested are different than current active one (requested -> active):
  custom:video-decoder-ogg-theora: a1e56fd34408186e4bbccfd4996cb3dc -> 
  custom:container-muxer-webm: aa71ff27fc2769a1b78a27578f13a17b -> 
  custom:container-demuxer-webm: 4f35f7cbe854078d1ac9338744f61a02 -> 
  custom:video-encoder-webm-vp8: eb34c28f22e8b96e1ab97ce403110664 -> 
  custom:video-codec-MediaFoundation-h265: 746d11721c4dcdbdad8f713fa42b33f4 -> 
  custom:audio-encoder-webm-vorbis: bf7c407c2cedff20999df2af8eb42d56 -> 
  custom:framework-win-MediaFoundation: 216162199b28c13a410421893ffa2e32 -> 
  custom:container-demuxer-ogg: 62fdf1f143b41e24485cea50d1cbac27 -> 
  custom:video-decoder-webm-vp8: 9c59270c3fd7afecdb556c50c9e8de78 -> 
  custom:audio-decoder-ogg-vorbis: bf7c407c2cedff20999df2af8eb42d56 -> 
========================================================================
Received Prepare
Registering precompiled user dll's ...
Registered in 0.011908 seconds.
Begin MonoManager ReloadAssembly
Symbol file LoadedFromMemory doesn't match image C:\Users\lukas\Documents\GitHub\Steel-Nemesis\Steel Nemesis Game\Library\PackageCache\com.unity.visualscripting@1.7.8\Editor\VisualScripting.Core\Dependencies\YamlDotNet\Unity.VisualScripting.YamlDotNet.dll
Symbol file LoadedFromMemory doesn't match image C:\Users\lukas\Documents\GitHub\Steel-Nemesis\Steel Nemesis Game\Library\PackageCache\com.unity.visualscripting@1.7.8\Editor\VisualScripting.Core\Dependencies\DotNetZip\Unity.VisualScripting.IonicZip.dll
Native extension for UWP target not found
Native extension for LinuxStandalone target not found
Native extension for WindowsStandalone target not found
Native extension for OSXStandalone target not found
Native extension for WebGL target not found
Refreshing native plugins compatible for Editor in 4.28 ms, found 3 plugins.
Preloading 0 native plugins for Editor in 0.00 ms.
Mono: successfully reloaded assembly
- Completed reload, in  6.367 seconds
Domain Reload Profiling:
	ReloadAssembly (6368ms)
		BeginReloadAssembly (210ms)
			ExecutionOrderSort (0ms)
			DisableScriptedObjects (11ms)
			BackupInstance (0ms)
			ReleaseScriptingObjects (0ms)
			CreateAndSetChildDomain (58ms)
		EndReloadAssembly (5963ms)
			LoadAssemblies (133ms)
			RebuildTransferFunctionScriptingTraits (0ms)
			SetupTypeCache (472ms)
			ReleaseScriptCaches (2ms)
			RebuildScriptCaches (113ms)
			SetupLoadedEditorAssemblies (4657ms)
				LogAssemblyErrors (0ms)
				InitializePlatformSupportModulesInManaged (383ms)
				SetLoadedEditorAssemblies (5ms)
				RefreshPlugins (6ms)
				BeforeProcessingInitializeOnLoad (708ms)
				ProcessInitializeOnLoadAttributes (3063ms)
				ProcessInitializeOnLoadMethodAttributes (399ms)
				AfterProcessingInitializeOnLoad (92ms)
				EditorAssembliesLoaded (2ms)
			ExecutionOrderSort2 (0ms)
			AwakeInstancesAfterBackupRestoration (107ms)
Platform modules already initialized, skipping
Refreshing native plugins compatible for Editor in 3.00 ms, found 3 plugins.
Preloading 0 native plugins for Editor in 0.00 ms.
Unloading 3462 Unused Serialized files (Serialized files now loaded: 0)
Unloading 29 unused Assets / (169.9 KB). Loaded Objects now: 4004.
Memory consumption went from 128.8 MB to 128.7 MB.
Total: 11.584800 ms (FindLiveObjects: 1.012800 ms CreateObjectMapping: 2.867300 ms MarkObjects: 7.606000 ms  DeleteObjects: 0.095600 ms)

AssetImportParameters requested are different than current active one (requested -> active):
  custom:video-decoder-ogg-theora: a1e56fd34408186e4bbccfd4996cb3dc -> 
  custom:container-muxer-webm: aa71ff27fc2769a1b78a27578f13a17b -> 
  custom:container-demuxer-webm: 4f35f7cbe854078d1ac9338744f61a02 -> 
  custom:video-encoder-webm-vp8: eb34c28f22e8b96e1ab97ce403110664 -> 
  custom:video-codec-MediaFoundation-h265: 746d11721c4dcdbdad8f713fa42b33f4 -> 
  custom:audio-encoder-webm-vorbis: bf7c407c2cedff20999df2af8eb42d56 -> 
  custom:framework-win-MediaFoundation: 216162199b28c13a410421893ffa2e32 -> 
  custom:container-demuxer-ogg: 62fdf1f143b41e24485cea50d1cbac27 -> 
  custom:video-decoder-webm-vp8: 9c59270c3fd7afecdb556c50c9e8de78 -> 
  custom:audio-decoder-ogg-vorbis: bf7c407c2cedff20999df2af8eb42d56 -> 
========================================================================
Received Import Request.
  Time since last request: 241.028100 seconds.
  path: Assets/Textures/Spawn/Blue/spawn_1.png
  artifactKey: Guid(2e9a12fa89e0d497ba86597784f7089e) Importer(815301076,1909f56bfc062723c751e8b465ee728b)
Start importing Assets/Textures/Spawn/Blue/spawn_1.png using Guid(2e9a12fa89e0d497ba86597784f7089e) Importer(815301076,1909f56bfc062723c751e8b465ee728b)  -> (artifact id: 'e04a794593372cba396c6bb7cc371f77') in 0.089098 seconds 
========================================================================
Received Import Request.
  Time since last request: 0.000053 seconds.
  path: Assets/Textures/Spawn/Green/spawn_3.png
  artifactKey: Guid(58069d56f50314cceaf29236ceaab45f) Importer(815301076,1909f56bfc062723c751e8b465ee728b)
Start importing Assets/Textures/Spawn/Green/spawn_3.png using Guid(58069d56f50314cceaf29236ceaab45f) Importer(815301076,1909f56bfc062723c751e8b465ee728b)  -> (artifact id: 'f98cf762ea74414f05a5c019ef1b4efb') in 0.083598 seconds 
========================================================================
Received Import Request.
  Time since last request: 0.000056 seconds.
  path: Assets/Textures/Spawn/Blue/spawn_4.png
  artifactKey: Guid(c9c87f813e8884b72ba5f87a69ef9c47) Importer(815301076,1909f56bfc062723c751e8b465ee728b)
Start importing Assets/Textures/Spawn/Blue/spawn_4.png using Guid(c9c87f813e8884b72ba5f87a69ef9c47) Importer(815301076,1909f56bfc062723c751e8b465ee728b)  -> (artifact id: 'fc7a68e50f8c89d79e3ca9e3d70ad728') in 0.072689 seconds 
========================================================================
Received Import Request.
  Time since last request: 0.000142 seconds.
  path: Assets/Textures/Spawn/Green/spawn_2.png
  artifactKey: Guid(00fd7f894729a4127a18b03b413dd3b2) Importer(815301076,1909f56bfc062723c751e8b465ee728b)
Start importing Assets/Textures/Spawn/Green/spawn_2.png using Guid(00fd7f894729a4127a18b03b413dd3b2) Importer(815301076,1909f56bfc062723c751e8b465ee728b)  -> (artifact id: 'a3b7b8e3807c1ae1082dc2f57f1e468b') in 0.092077 seconds 
========================================================================
Received Import Request.
  Time since last request: 27.529426 seconds.
  path: Assets/Textures/UI/button_hover.png
  artifactKey: Guid(8802463ca171a4540b0b8a233b0200eb) Importer(815301076,1909f56bfc062723c751e8b465ee728b)
Start importing Assets/Textures/UI/button_hover.png using Guid(8802463ca171a4540b0b8a233b0200eb) Importer(815301076,1909f56bfc062723c751e8b465ee728b)  -> (artifact id: '0d86c631585e744dc13f5cf89226cead') in 0.057881 seconds 
========================================================================
Received Prepare
Registering precompiled user dll's ...
Registered in 0.012643 seconds.
Begin MonoManager ReloadAssembly
Symbol file LoadedFromMemory doesn't match image C:\Users\lukas\Documents\GitHub\Steel-Nemesis\Steel Nemesis Game\Library\PackageCache\com.unity.visualscripting@1.7.8\Editor\VisualScripting.Core\Dependencies\YamlDotNet\Unity.VisualScripting.YamlDotNet.dll
Symbol file LoadedFromMemory doesn't match image C:\Users\lukas\Documents\GitHub\Steel-Nemesis\Steel Nemesis Game\Library\PackageCache\com.unity.visualscripting@1.7.8\Editor\VisualScripting.Core\Dependencies\DotNetZip\Unity.VisualScripting.IonicZip.dll
Native extension for UWP target not found
Native extension for LinuxStandalone target not found
Native extension for WindowsStandalone target not found
Native extension for OSXStandalone target not found
Native extension for WebGL target not found
Refreshing native plugins compatible for Editor in 8.15 ms, found 3 plugins.
Preloading 0 native plugins for Editor in 0.00 ms.
Mono: successfully reloaded assembly
- Completed reload, in  5.713 seconds
Domain Reload Profiling:
	ReloadAssembly (5726ms)
		BeginReloadAssembly (209ms)
			ExecutionOrderSort (0ms)
			DisableScriptedObjects (10ms)
			BackupInstance (0ms)
			ReleaseScriptingObjects (0ms)
			CreateAndSetChildDomain (58ms)
		EndReloadAssembly (5337ms)
			LoadAssemblies (159ms)
			RebuildTransferFunctionScriptingTraits (0ms)
			SetupTypeCache (407ms)
			ReleaseScriptCaches (2ms)
			RebuildScriptCaches (78ms)
			SetupLoadedEditorAssemblies (4273ms)
				LogAssemblyErrors (0ms)
				InitializePlatformSupportModulesInManaged (248ms)
				SetLoadedEditorAssemblies (6ms)
				RefreshPlugins (10ms)
				BeforeProcessingInitializeOnLoad (795ms)
				ProcessInitializeOnLoadAttributes (2699ms)
				ProcessInitializeOnLoadMethodAttributes (412ms)
				AfterProcessingInitializeOnLoad (101ms)
				EditorAssembliesLoaded (3ms)
			ExecutionOrderSort2 (0ms)
			AwakeInstancesAfterBackupRestoration (111ms)
Platform modules already initialized, skipping
Refreshing native plugins compatible for Editor in 8.47 ms, found 3 plugins.
Preloading 0 native plugins for Editor in 0.00 ms.
Unloading 3462 Unused Serialized files (Serialized files now loaded: 0)
Unloading 29 unused Assets / (170.0 KB). Loaded Objects now: 4009.
Memory consumption went from 128.8 MB to 128.7 MB.
Total: 22.608700 ms (FindLiveObjects: 0.559600 ms CreateObjectMapping: 0.779000 ms MarkObjects: 20.287000 ms  DeleteObjects: 0.979200 ms)

AssetImportParameters requested are different than current active one (requested -> active):
  custom:video-decoder-ogg-theora: a1e56fd34408186e4bbccfd4996cb3dc -> 
  custom:container-muxer-webm: aa71ff27fc2769a1b78a27578f13a17b -> 
  custom:container-demuxer-webm: 4f35f7cbe854078d1ac9338744f61a02 -> 
  custom:video-encoder-webm-vp8: eb34c28f22e8b96e1ab97ce403110664 -> 
  custom:video-codec-MediaFoundation-h265: 746d11721c4dcdbdad8f713fa42b33f4 -> 
  custom:audio-encoder-webm-vorbis: bf7c407c2cedff20999df2af8eb42d56 -> 
  custom:framework-win-MediaFoundation: 216162199b28c13a410421893ffa2e32 -> 
  custom:container-demuxer-ogg: 62fdf1f143b41e24485cea50d1cbac27 -> 
  custom:video-decoder-webm-vp8: 9c59270c3fd7afecdb556c50c9e8de78 -> 
  custom:audio-decoder-ogg-vorbis: bf7c407c2cedff20999df2af8eb42d56 -> 
========================================================================
Received Prepare
Registering precompiled user dll's ...
Registered in 0.031751 seconds.
Begin MonoManager ReloadAssembly
Symbol file LoadedFromMemory doesn't match image C:\Users\lukas\Documents\GitHub\Steel-Nemesis\Steel Nemesis Game\Library\PackageCache\com.unity.visualscripting@1.7.8\Editor\VisualScripting.Core\Dependencies\YamlDotNet\Unity.VisualScripting.YamlDotNet.dll
Symbol file LoadedFromMemory doesn't match image C:\Users\lukas\Documents\GitHub\Steel-Nemesis\Steel Nemesis Game\Library\PackageCache\com.unity.visualscripting@1.7.8\Editor\VisualScripting.Core\Dependencies\DotNetZip\Unity.VisualScripting.IonicZip.dll
Native extension for UWP target not found
Native extension for LinuxStandalone target not found
Native extension for WindowsStandalone target not found
Native extension for OSXStandalone target not found
Native extension for WebGL target not found
Refreshing native plugins compatible for Editor in 2.07 ms, found 3 plugins.
Preloading 0 native plugins for Editor in 0.00 ms.
Mono: successfully reloaded assembly
- Completed reload, in  6.190 seconds
Domain Reload Profiling:
	ReloadAssembly (6199ms)
		BeginReloadAssembly (1449ms)
			ExecutionOrderSort (0ms)
			DisableScriptedObjects (20ms)
			BackupInstance (0ms)
			ReleaseScriptingObjects (0ms)
			CreateAndSetChildDomain (158ms)
		EndReloadAssembly (4233ms)
			LoadAssemblies (446ms)
			RebuildTransferFunctionScriptingTraits (0ms)
			SetupTypeCache (1412ms)
			ReleaseScriptCaches (2ms)
			RebuildScriptCaches (121ms)
			SetupLoadedEditorAssemblies (2014ms)
				LogAssemblyErrors (0ms)
				InitializePlatformSupportModulesInManaged (563ms)
				SetLoadedEditorAssemblies (1ms)
				RefreshPlugins (2ms)
				BeforeProcessingInitializeOnLoad (360ms)
				ProcessInitializeOnLoadAttributes (962ms)
				ProcessInitializeOnLoadMethodAttributes (109ms)
				AfterProcessingInitializeOnLoad (15ms)
				EditorAssembliesLoaded (1ms)
			ExecutionOrderSort2 (0ms)
			AwakeInstancesAfterBackupRestoration (23ms)
Platform modules already initialized, skipping
Refreshing native plugins compatible for Editor in 4.19 ms, found 3 plugins.
Preloading 0 native plugins for Editor in 0.00 ms.
Unloading 3462 Unused Serialized files (Serialized files now loaded: 0)
Unloading 29 unused Assets / (170.1 KB). Loaded Objects now: 4012.
Memory consumption went from 128.9 MB to 128.7 MB.
Total: 23.551700 ms (FindLiveObjects: 1.673500 ms CreateObjectMapping: 0.554500 ms MarkObjects: 21.037400 ms  DeleteObjects: 0.283700 ms)

AssetImportParameters requested are different than current active one (requested -> active):
  custom:video-decoder-ogg-theora: a1e56fd34408186e4bbccfd4996cb3dc -> 
  custom:container-muxer-webm: aa71ff27fc2769a1b78a27578f13a17b -> 
  custom:container-demuxer-webm: 4f35f7cbe854078d1ac9338744f61a02 -> 
  custom:video-encoder-webm-vp8: eb34c28f22e8b96e1ab97ce403110664 -> 
  custom:video-codec-MediaFoundation-h265: 746d11721c4dcdbdad8f713fa42b33f4 -> 
  custom:audio-encoder-webm-vorbis: bf7c407c2cedff20999df2af8eb42d56 -> 
  custom:framework-win-MediaFoundation: 216162199b28c13a410421893ffa2e32 -> 
  custom:container-demuxer-ogg: 62fdf1f143b41e24485cea50d1cbac27 -> 
  custom:video-decoder-webm-vp8: 9c59270c3fd7afecdb556c50c9e8de78 -> 
  custom:audio-decoder-ogg-vorbis: bf7c407c2cedff20999df2af8eb42d56 -> 
========================================================================
Received Import Request.
  Time since last request: 2164.223704 seconds.
  path: Assets/Textures/UI/button_square.png
  artifactKey: Guid(7a6290e81b977314986cd290c2228347) Importer(815301076,1909f56bfc062723c751e8b465ee728b)
Start importing Assets/Textures/UI/button_square.png using Guid(7a6290e81b977314986cd290c2228347) Importer(815301076,1909f56bfc062723c751e8b465ee728b)  -> (artifact id: '6e3e1e32c773548db96d2df8d7a7137a') in 0.135965 seconds 
========================================================================
Received Import Request.
  Time since last request: 6.417110 seconds.
  path: Assets/Textures/UI/button_square.png
  artifactKey: Guid(7a6290e81b977314986cd290c2228347) Importer(815301076,1909f56bfc062723c751e8b465ee728b)
Start importing Assets/Textures/UI/button_square.png using Guid(7a6290e81b977314986cd290c2228347) Importer(815301076,1909f56bfc062723c751e8b465ee728b)  -> (artifact id: 'fe63246ab105fb074bedc286719d1cd8') in 0.087941 seconds 
========================================================================
Received Import Request.
  Time since last request: 632.040010 seconds.
  path: Assets/skillslot_empty.png
  artifactKey: Guid(66f9d2d6eaa547448b8f065f0e2408c5) Importer(815301076,1909f56bfc062723c751e8b465ee728b)
Start importing Assets/skillslot_empty.png using Guid(66f9d2d6eaa547448b8f065f0e2408c5) Importer(815301076,1909f56bfc062723c751e8b465ee728b)  -> (artifact id: 'ece563836c13714b23ab067db929edde') in 0.038118 seconds 
========================================================================
Received Import Request.
  Time since last request: 5.248139 seconds.
  path: Assets/skillslot_empty.png
  artifactKey: Guid(66f9d2d6eaa547448b8f065f0e2408c5) Importer(815301076,1909f56bfc062723c751e8b465ee728b)
Start importing Assets/skillslot_empty.png using Guid(66f9d2d6eaa547448b8f065f0e2408c5) Importer(815301076,1909f56bfc062723c751e8b465ee728b)  -> (artifact id: 'b404e7dd7a14a11c3cb950a77002e671') in 0.059150 seconds 
========================================================================
Received Import Request.
  Time since last request: 391.245785 seconds.
  path: Assets/minus.png
  artifactKey: Guid(c1a7dcd57f93714488cd10bb7dee9ab2) Importer(815301076,1909f56bfc062723c751e8b465ee728b)
Start importing Assets/minus.png using Guid(c1a7dcd57f93714488cd10bb7dee9ab2) Importer(815301076,1909f56bfc062723c751e8b465ee728b)  -> (artifact id: '7409ca375a79dd88eae795a1620770ba') in 0.382372 seconds 
========================================================================
Received Import Request.
  Time since last request: 7.343302 seconds.
  path: Assets/minus.png
  artifactKey: Guid(c1a7dcd57f93714488cd10bb7dee9ab2) Importer(815301076,1909f56bfc062723c751e8b465ee728b)
Start importing Assets/minus.png using Guid(c1a7dcd57f93714488cd10bb7dee9ab2) Importer(815301076,1909f56bfc062723c751e8b465ee728b)  -> (artifact id: '5a4870bfc2ba0e2c521d6adf20096314') in 0.071689 seconds 
========================================================================
Received Prepare
Registering precompiled user dll's ...
Registered in 0.010684 seconds.
Begin MonoManager ReloadAssembly
Symbol file LoadedFromMemory doesn't match image C:\Users\lukas\Documents\GitHub\Steel-Nemesis\Steel Nemesis Game\Library\PackageCache\com.unity.visualscripting@1.7.8\Editor\VisualScripting.Core\Dependencies\YamlDotNet\Unity.VisualScripting.YamlDotNet.dll
Symbol file LoadedFromMemory doesn't match image C:\Users\lukas\Documents\GitHub\Steel-Nemesis\Steel Nemesis Game\Library\PackageCache\com.unity.visualscripting@1.7.8\Editor\VisualScripting.Core\Dependencies\DotNetZip\Unity.VisualScripting.IonicZip.dll
Native extension for UWP target not found
Native extension for LinuxStandalone target not found
Native extension for WindowsStandalone target not found
Native extension for OSXStandalone target not found
Native extension for WebGL target not found
Refreshing native plugins compatible for Editor in 1.02 ms, found 3 plugins.
Preloading 0 native plugins for Editor in 0.00 ms.
Mono: successfully reloaded assembly
- Completed reload, in  4.135 seconds
Domain Reload Profiling:
	ReloadAssembly (4136ms)
		BeginReloadAssembly (1827ms)
			ExecutionOrderSort (0ms)
			DisableScriptedObjects (137ms)
			BackupInstance (0ms)
			ReleaseScriptingObjects (0ms)
			CreateAndSetChildDomain (1235ms)
		EndReloadAssembly (2126ms)
			LoadAssemblies (544ms)
			RebuildTransferFunctionScriptingTraits (0ms)
			SetupTypeCache (699ms)
			ReleaseScriptCaches (3ms)
			RebuildScriptCaches (91ms)
			SetupLoadedEditorAssemblies (889ms)
				LogAssemblyErrors (0ms)
				InitializePlatformSupportModulesInManaged (41ms)
				SetLoadedEditorAssemblies (1ms)
				RefreshPlugins (1ms)
				BeforeProcessingInitializeOnLoad (438ms)
				ProcessInitializeOnLoadAttributes (353ms)
				ProcessInitializeOnLoadMethodAttributes (45ms)
				AfterProcessingInitializeOnLoad (10ms)
				EditorAssembliesLoaded (0ms)
			ExecutionOrderSort2 (0ms)
			AwakeInstancesAfterBackupRestoration (15ms)
Platform modules already initialized, skipping
Refreshing native plugins compatible for Editor in 2.75 ms, found 3 plugins.
Preloading 0 native plugins for Editor in 0.00 ms.
Unloading 3462 Unused Serialized files (Serialized files now loaded: 0)
Unloading 29 unused Assets / (170.0 KB). Loaded Objects now: 4021.
Memory consumption went from 128.9 MB to 128.7 MB.
Total: 5.900200 ms (FindLiveObjects: 0.432800 ms CreateObjectMapping: 0.319900 ms MarkObjects: 5.075400 ms  DeleteObjects: 0.070200 ms)

AssetImportParameters requested are different than current active one (requested -> active):
  custom:video-decoder-ogg-theora: a1e56fd34408186e4bbccfd4996cb3dc -> 
  custom:container-muxer-webm: aa71ff27fc2769a1b78a27578f13a17b -> 
  custom:container-demuxer-webm: 4f35f7cbe854078d1ac9338744f61a02 -> 
  custom:video-encoder-webm-vp8: eb34c28f22e8b96e1ab97ce403110664 -> 
  custom:video-codec-MediaFoundation-h265: 746d11721c4dcdbdad8f713fa42b33f4 -> 
  custom:audio-encoder-webm-vorbis: bf7c407c2cedff20999df2af8eb42d56 -> 
  custom:framework-win-MediaFoundation: 216162199b28c13a410421893ffa2e32 -> 
  custom:container-demuxer-ogg: 62fdf1f143b41e24485cea50d1cbac27 -> 
  custom:video-decoder-webm-vp8: 9c59270c3fd7afecdb556c50c9e8de78 -> 
  custom:audio-decoder-ogg-vorbis: bf7c407c2cedff20999df2af8eb42d56 -> 
========================================================================
Received Import Request.
  Time since last request: 1073.640302 seconds.
  path: Assets/Fonts/Silkscreen-Regular SDF.asset
  artifactKey: Guid(13446f7ba2afd486d9c2421f18af262f) Importer(815301076,1909f56bfc062723c751e8b465ee728b)
Start importing Assets/Fonts/Silkscreen-Regular SDF.asset using Guid(13446f7ba2afd486d9c2421f18af262f) Importer(815301076,1909f56bfc062723c751e8b465ee728b)  -> (artifact id: '328c717badf7024332ccfab77d5427cc') in 0.410853 seconds 
========================================================================
Received Import Request.
  Time since last request: 719.864444 seconds.
  path: Assets/info.png
  artifactKey: Guid(6e43791573996644a98a902ee69c77c6) Importer(815301076,1909f56bfc062723c751e8b465ee728b)
Start importing Assets/info.png using Guid(6e43791573996644a98a902ee69c77c6) Importer(815301076,1909f56bfc062723c751e8b465ee728b)  -> (artifact id: '96e4cdd051873f7043736528a18d223c') in 0.763026 seconds 
========================================================================
Received Import Request.
  Time since last request: 4.843204 seconds.
  path: Assets/info.png
  artifactKey: Guid(6e43791573996644a98a902ee69c77c6) Importer(815301076,1909f56bfc062723c751e8b465ee728b)
Start importing Assets/info.png using Guid(6e43791573996644a98a902ee69c77c6) Importer(815301076,1909f56bfc062723c751e8b465ee728b)  -> (artifact id: 'c3730a1ae55a0072b7b46e94de2d6fb8') in 0.073450 seconds 
========================================================================
Received Prepare
Registering precompiled user dll's ...
Registered in 0.011330 seconds.
Begin MonoManager ReloadAssembly
Symbol file LoadedFromMemory doesn't match image C:\Users\lukas\Documents\GitHub\Steel-Nemesis\Steel Nemesis Game\Library\PackageCache\com.unity.visualscripting@1.7.8\Editor\VisualScripting.Core\Dependencies\YamlDotNet\Unity.VisualScripting.YamlDotNet.dll
Symbol file LoadedFromMemory doesn't match image C:\Users\lukas\Documents\GitHub\Steel-Nemesis\Steel Nemesis Game\Library\PackageCache\com.unity.visualscripting@1.7.8\Editor\VisualScripting.Core\Dependencies\DotNetZip\Unity.VisualScripting.IonicZip.dll
Native extension for UWP target not found
Native extension for LinuxStandalone target not found
Native extension for WindowsStandalone target not found
Native extension for OSXStandalone target not found
Native extension for WebGL target not found
Refreshing native plugins compatible for Editor in 0.80 ms, found 3 plugins.
Preloading 0 native plugins for Editor in 0.00 ms.
Mono: successfully reloaded assembly
- Completed reload, in  3.061 seconds
Domain Reload Profiling:
	ReloadAssembly (3063ms)
		BeginReloadAssembly (521ms)
			ExecutionOrderSort (0ms)
			DisableScriptedObjects (18ms)
			BackupInstance (0ms)
			ReleaseScriptingObjects (0ms)
			CreateAndSetChildDomain (245ms)
		EndReloadAssembly (1998ms)
			LoadAssemblies (271ms)
			RebuildTransferFunctionScriptingTraits (0ms)
			SetupTypeCache (701ms)
			ReleaseScriptCaches (2ms)
			RebuildScriptCaches (85ms)
			SetupLoadedEditorAssemblies (770ms)
				LogAssemblyErrors (0ms)
				InitializePlatformSupportModulesInManaged (83ms)
				SetLoadedEditorAssemblies (2ms)
				RefreshPlugins (1ms)
				BeforeProcessingInitializeOnLoad (143ms)
				ProcessInitializeOnLoadAttributes (453ms)
				ProcessInitializeOnLoadMethodAttributes (77ms)
				AfterProcessingInitializeOnLoad (11ms)
				EditorAssembliesLoaded (0ms)
			ExecutionOrderSort2 (0ms)
			AwakeInstancesAfterBackupRestoration (21ms)
Platform modules already initialized, skipping
Refreshing native plugins compatible for Editor in 2.55 ms, found 3 plugins.
Preloading 0 native plugins for Editor in 0.00 ms.
Unloading 3462 Unused Serialized files (Serialized files now loaded: 0)
Unloading 29 unused Assets / (170.0 KB). Loaded Objects now: 4066.
Memory consumption went from 129.2 MB to 129.0 MB.
Total: 7.869400 ms (FindLiveObjects: 0.419400 ms CreateObjectMapping: 0.257300 ms MarkObjects: 7.060700 ms  DeleteObjects: 0.130200 ms)

AssetImportParameters requested are different than current active one (requested -> active):
  custom:video-decoder-ogg-theora: a1e56fd34408186e4bbccfd4996cb3dc -> 
  custom:container-muxer-webm: aa71ff27fc2769a1b78a27578f13a17b -> 
  custom:container-demuxer-webm: 4f35f7cbe854078d1ac9338744f61a02 -> 
  custom:video-encoder-webm-vp8: eb34c28f22e8b96e1ab97ce403110664 -> 
  custom:video-codec-MediaFoundation-h265: 746d11721c4dcdbdad8f713fa42b33f4 -> 
  custom:audio-encoder-webm-vorbis: bf7c407c2cedff20999df2af8eb42d56 -> 
  custom:framework-win-MediaFoundation: 216162199b28c13a410421893ffa2e32 -> 
  custom:container-demuxer-ogg: 62fdf1f143b41e24485cea50d1cbac27 -> 
  custom:video-decoder-webm-vp8: 9c59270c3fd7afecdb556c50c9e8de78 -> 
  custom:audio-decoder-ogg-vorbis: bf7c407c2cedff20999df2af8eb42d56 -> 
========================================================================
Received Import Request.
  Time since last request: 1681.776932 seconds.
  path: Assets/Textures/Intro New/intro-034.png
  artifactKey: Guid(9700a95bf9d834528b8225762a1be08b) Importer(815301076,1909f56bfc062723c751e8b465ee728b)
Start importing Assets/Textures/Intro New/intro-034.png using Guid(9700a95bf9d834528b8225762a1be08b) Importer(815301076,1909f56bfc062723c751e8b465ee728b)  -> (artifact id: 'e2e9db2207c8e287275dd8b6e74c591a') in 0.267964 seconds 
========================================================================
Received Import Request.
  Time since last request: 0.000055 seconds.
  path: Assets/Textures/Intro New/intro-036.png
  artifactKey: Guid(32d85603a77fa4a1a944ad56be8991a7) Importer(815301076,1909f56bfc062723c751e8b465ee728b)
Start importing Assets/Textures/Intro New/intro-036.png using Guid(32d85603a77fa4a1a944ad56be8991a7) Importer(815301076,1909f56bfc062723c751e8b465ee728b)  -> (artifact id: '1b7c9f90d7c134437b10d7d50962b552') in 0.217229 seconds 
========================================================================
Received Import Request.
  Time since last request: 0.537462 seconds.
  path: Assets/Textures/Intro New/intro-032.png
  artifactKey: Guid(543a35537f29b4e4bbeafd7085396d0b) Importer(815301076,1909f56bfc062723c751e8b465ee728b)
Start importing Assets/Textures/Intro New/intro-032.png using Guid(543a35537f29b4e4bbeafd7085396d0b) Importer(815301076,1909f56bfc062723c751e8b465ee728b)  -> (artifact id: '9a1e82ff6a4a7f830000f9f58eac645f') in 0.185619 seconds 
========================================================================
Received Import Request.
  Time since last request: 0.000053 seconds.
  path: Assets/Textures/Intro New/intro-028.png
  artifactKey: Guid(32d00d169e34a49da9924db149e16e40) Importer(815301076,1909f56bfc062723c751e8b465ee728b)
Start importing Assets/Textures/Intro New/intro-028.png using Guid(32d00d169e34a49da9924db149e16e40) Importer(815301076,1909f56bfc062723c751e8b465ee728b)  -> (artifact id: 'b8ef3ba553b922e34983c9772c1bc4da') in 0.251183 seconds 
========================================================================
Received Import Request.
  Time since last request: 0.000048 seconds.
  path: Assets/Textures/Intro New/intro-031.png
  artifactKey: Guid(b761b555a62d84540ba1dde152ecfdef) Importer(815301076,1909f56bfc062723c751e8b465ee728b)
Start importing Assets/Textures/Intro New/intro-031.png using Guid(b761b555a62d84540ba1dde152ecfdef) Importer(815301076,1909f56bfc062723c751e8b465ee728b)  -> (artifact id: '8953d7b15fb64d6e73e640d0c60358c4') in 0.253465 seconds 
========================================================================
Received Import Request.
  Time since last request: 0.000047 seconds.
  path: Assets/Textures/Intro New/intro-026.png
  artifactKey: Guid(a5630931d8ef7465cb264e7dbb013730) Importer(815301076,1909f56bfc062723c751e8b465ee728b)
Start importing Assets/Textures/Intro New/intro-026.png using Guid(a5630931d8ef7465cb264e7dbb013730) Importer(815301076,1909f56bfc062723c751e8b465ee728b)  -> (artifact id: '0f76e96a2b22e19683502497678f7244') in 0.703978 seconds 
========================================================================
Received Import Request.
  Time since last request: 0.000059 seconds.
  path: Assets/Textures/Intro New/intro-024.png
  artifactKey: Guid(00a4e21367bb54e4b8cbc031019efc4b) Importer(815301076,1909f56bfc062723c751e8b465ee728b)
Start importing Assets/Textures/Intro New/intro-024.png using Guid(00a4e21367bb54e4b8cbc031019efc4b) Importer(815301076,1909f56bfc062723c751e8b465ee728b)  -> (artifact id: 'b3555f07c285936e4306878a00481f63') in 0.492124 seconds 
========================================================================
Received Import Request.
  Time since last request: 0.000090 seconds.
  path: Assets/Textures/Intro New/intro-025.png
  artifactKey: Guid(a274a32c45ab74fcdaae6fae87630ae9) Importer(815301076,1909f56bfc062723c751e8b465ee728b)
Start importing Assets/Textures/Intro New/intro-025.png using Guid(a274a32c45ab74fcdaae6fae87630ae9) Importer(815301076,1909f56bfc062723c751e8b465ee728b)  -> (artifact id: 'da56d6495f7556f7c8d23f1818acf2aa') in 0.251621 seconds 
========================================================================
Received Import Request.
  Time since last request: 263.631131 seconds.
  path: Assets/Textures/Trails
  artifactKey: Guid(d2c7d1764a659dc46a903b19f87bcadb) Importer(815301076,1909f56bfc062723c751e8b465ee728b)
Start importing Assets/Textures/Trails using Guid(d2c7d1764a659dc46a903b19f87bcadb) Importer(815301076,1909f56bfc062723c751e8b465ee728b)  -> (artifact id: '3d2aa14801a98f7301ef05b32bb72dc6') in 0.028064 seconds 
========================================================================
Received Import Request.
  Time since last request: 205.722969 seconds.
  path: Assets/Textures/ship_frame.png
  artifactKey: Guid(e7968cd3bd7080c4ca0bf3b529e4f539) Importer(815301076,1909f56bfc062723c751e8b465ee728b)
Start importing Assets/Textures/ship_frame.png using Guid(e7968cd3bd7080c4ca0bf3b529e4f539) Importer(815301076,1909f56bfc062723c751e8b465ee728b)  -> (artifact id: 'f3a6ad2dd94224ff736a351d2e76c76e') in 0.026764 seconds 
========================================================================
Received Import Request.
  Time since last request: 8.227173 seconds.
  path: Assets/Textures/ship_frame.png
  artifactKey: Guid(e7968cd3bd7080c4ca0bf3b529e4f539) Importer(815301076,1909f56bfc062723c751e8b465ee728b)
Start importing Assets/Textures/ship_frame.png using Guid(e7968cd3bd7080c4ca0bf3b529e4f539) Importer(815301076,1909f56bfc062723c751e8b465ee728b)  -> (artifact id: '365c53a5e2d8f08968790ab58dea9067') in 0.026740 seconds 
========================================================================
Received Import Request.
  Time since last request: 571.325203 seconds.
  path: Assets/Textures/stat_battery.png
  artifactKey: Guid(67eb4aa88011e824eb267707a90171b0) Importer(815301076,1909f56bfc062723c751e8b465ee728b)
Start importing Assets/Textures/stat_battery.png using Guid(67eb4aa88011e824eb267707a90171b0) Importer(815301076,1909f56bfc062723c751e8b465ee728b)  -> (artifact id: '0aa91af5f250ce76b8136272c311ce56') in 0.098110 seconds 
========================================================================
Received Import Request.
  Time since last request: 0.000074 seconds.
  path: Assets/Textures/stat_firepower.png
  artifactKey: Guid(a9cf1e9bfe2636f48a73d8cf856d999b) Importer(815301076,1909f56bfc062723c751e8b465ee728b)
Start importing Assets/Textures/stat_firepower.png using Guid(a9cf1e9bfe2636f48a73d8cf856d999b) Importer(815301076,1909f56bfc062723c751e8b465ee728b)  -> (artifact id: '897fd6161a51744e77106ad48d5e2066') in 0.130456 seconds 
========================================================================
Received Import Request.
  Time since last request: 0.000084 seconds.
  path: Assets/Textures/stat_damage.png
  artifactKey: Guid(8f2f55b87b7b95e4fbba44a6903f140c) Importer(815301076,1909f56bfc062723c751e8b465ee728b)
Start importing Assets/Textures/stat_damage.png using Guid(8f2f55b87b7b95e4fbba44a6903f140c) Importer(815301076,1909f56bfc062723c751e8b465ee728b)  -> (artifact id: '4f342af1bbf54bac7a530944fe15abce') in 0.083344 seconds 
========================================================================
Received Import Request.
  Time since last request: 5.848348 seconds.
  path: Assets/Textures/stat_battery.png
  artifactKey: Guid(67eb4aa88011e824eb267707a90171b0) Importer(815301076,1909f56bfc062723c751e8b465ee728b)
Start importing Assets/Textures/stat_battery.png using Guid(67eb4aa88011e824eb267707a90171b0) Importer(815301076,1909f56bfc062723c751e8b465ee728b)  -> (artifact id: '44a7eb49c8e57b37fbd5912942cc0024') in 0.032993 seconds 
========================================================================
Received Import Request.
  Time since last request: 0.000042 seconds.
  path: Assets/Textures/stat_speed.png
  artifactKey: Guid(4dbbf0852fe3d12438bf732dd9a389b9) Importer(815301076,1909f56bfc062723c751e8b465ee728b)
Start importing Assets/Textures/stat_speed.png using Guid(4dbbf0852fe3d12438bf732dd9a389b9) Importer(815301076,1909f56bfc062723c751e8b465ee728b)  -> (artifact id: 'b99e88e1c682c410a2eccf751e9dc816') in 0.042245 seconds 
========================================================================
Received Import Request.
  Time since last request: 0.000068 seconds.
  path: Assets/Textures/stat_damage.png
  artifactKey: Guid(8f2f55b87b7b95e4fbba44a6903f140c) Importer(815301076,1909f56bfc062723c751e8b465ee728b)
Start importing Assets/Textures/stat_damage.png using Guid(8f2f55b87b7b95e4fbba44a6903f140c) Importer(815301076,1909f56bfc062723c751e8b465ee728b)  -> (artifact id: 'c036069b2d5ec1dce1cf044bac44614b') in 0.032197 seconds 
